Archive member included to satisfy reference by file (symbol)

app/libapp.a(main.c.obj)      (--whole-archive)
zephyr/libzephyr.a(cbprintf.c.obj)
                              (--whole-archive)
zephyr/libzephyr.a(cbprintf_packaged.c.obj)
                              (--whole-archive)
zephyr/libzephyr.a(crc32c_sw.c.obj)
                              (--whole-archive)
zephyr/libzephyr.a(crc32_sw.c.obj)
                              (--whole-archive)
zephyr/libzephyr.a(crc16_sw.c.obj)
                              (--whole-archive)
zephyr/libzephyr.a(crc8_sw.c.obj)
                              (--whole-archive)
zephyr/libzephyr.a(crc7_sw.c.obj)
                              (--whole-archive)
zephyr/libzephyr.a(dec.c.obj)
                              (--whole-archive)
zephyr/libzephyr.a(fdtable.c.obj)
                              (--whole-archive)
zephyr/libzephyr.a(hex.c.obj)
                              (--whole-archive)
zephyr/libzephyr.a(notify.c.obj)
                              (--whole-archive)
zephyr/libzephyr.a(printk.c.obj)
                              (--whole-archive)
zephyr/libzephyr.a(onoff.c.obj)
                              (--whole-archive)
zephyr/libzephyr.a(rb.c.obj)  (--whole-archive)
zephyr/libzephyr.a(sem.c.obj)
                              (--whole-archive)
zephyr/libzephyr.a(thread_entry.c.obj)
                              (--whole-archive)
zephyr/libzephyr.a(timeutil.c.obj)
                              (--whole-archive)
zephyr/libzephyr.a(heap.c.obj)
                              (--whole-archive)
zephyr/libzephyr.a(heap-validate.c.obj)
                              (--whole-archive)
zephyr/libzephyr.a(bitarray.c.obj)
                              (--whole-archive)
zephyr/libzephyr.a(cbprintf_complete.c.obj)
                              (--whole-archive)
zephyr/libzephyr.a(mpsc_pbuf.c.obj)
                              (--whole-archive)
zephyr/libzephyr.a(reboot.c.obj)
                              (--whole-archive)
zephyr/libzephyr.a(configs.c.obj)
                              (--whole-archive)
zephyr/libzephyr.a(soc_nrf_common.S.obj)
                              (--whole-archive)
zephyr/libzephyr.a(validate_base_addresses.c.obj)
                              (--whole-archive)
zephyr/libzephyr.a(validate_enabled_instances.c.obj)
                              (--whole-archive)
zephyr/libzephyr.a(thread_info.c.obj)
                              (--whole-archive)
zephyr/libzephyr.a(log_list.c.obj)
                              (--whole-archive)
zephyr/libzephyr.a(log_core.c.obj)
                              (--whole-archive)
zephyr/libzephyr.a(log_msg.c.obj)
                              (--whole-archive)
zephyr/libzephyr.a(log_output.c.obj)
                              (--whole-archive)
zephyr/libzephyr.a(log_backend_uart.c.obj)
                              (--whole-archive)
zephyr/libzephyr.a(log_backend_rtt.c.obj)
                              (--whole-archive)
zephyr/libzephyr.a(power.c.obj)
                              (--whole-archive)
zephyr/libzephyr.a(pm_ctrl.c.obj)
                              (--whole-archive)
zephyr/libzephyr.a(policy_residency.c.obj)
                              (--whole-archive)
zephyr/libzephyr.a(tracing_none.c.obj)
                              (--whole-archive)
zephyr/libzephyr.a(uart_console.c.obj)
                              (--whole-archive)
zephyr/libzephyr.a(clock_control_nrf.c.obj)
                              (--whole-archive)
zephyr/libzephyr.a(sys_clock_init.c.obj)
                              (--whole-archive)
zephyr/libzephyr.a(nrf_rtc_timer.c.obj)
                              (--whole-archive)
zephyr/arch/common/libarch__common.a(sw_isr_common.c.obj)
                              (--whole-archive)
zephyr/arch/arch/arm/core/aarch32/libarch__arm__core__aarch32.a(swap.c.obj)
                              (--whole-archive)
zephyr/arch/arch/arm/core/aarch32/libarch__arm__core__aarch32.a(swap_helper.S.obj)
                              (--whole-archive)
zephyr/arch/arch/arm/core/aarch32/libarch__arm__core__aarch32.a(irq_manage.c.obj)
                              (--whole-archive)
zephyr/arch/arch/arm/core/aarch32/libarch__arm__core__aarch32.a(thread.c.obj)
                              (--whole-archive)
zephyr/arch/arch/arm/core/aarch32/libarch__arm__core__aarch32.a(cpu_idle.S.obj)
                              (--whole-archive)
zephyr/arch/arch/arm/core/aarch32/libarch__arm__core__aarch32.a(fatal.c.obj)
                              (--whole-archive)
zephyr/arch/arch/arm/core/aarch32/libarch__arm__core__aarch32.a(nmi.c.obj)
                              (--whole-archive)
zephyr/arch/arch/arm/core/aarch32/libarch__arm__core__aarch32.a(nmi_on_reset.S.obj)
                              (--whole-archive)
zephyr/arch/arch/arm/core/aarch32/libarch__arm__core__aarch32.a(prep_c.c.obj)
                              (--whole-archive)
zephyr/arch/arch/arm/core/aarch32/libarch__arm__core__aarch32.a(isr_wrapper.S.obj)
[...]
Memory Configuration

Name             Origin             Length             Attributes
FLASH            0x00000000         0x00080000         xr
SRAM             0x20000000         0x00010000         xw
IDT_LIST         0x20010000         0x00000800         xw
*default*        0x00000000         0xffffffff

Linker script and memory map

LOAD zephyr/CMakeFiles/zephyr_prebuilt.dir/misc/empty_file.c.obj
                0x00000020                _region_min_align = 0x20

.rel.plt        0x00000000        0x0
 *(SORT_BY_ALIGNMENT(.rel.plt))
                [!provide]                PROVIDE (__rel_iplt_start = .)
 *(SORT_BY_ALIGNMENT(.rel.iplt))
 .rel.iplt      0x00000000        0x0 app/libapp.a(main.c.obj)
                [!provide]                PROVIDE (__rel_iplt_end = .)

.rela.plt       0x00000000        0x0
 *(SORT_BY_ALIGNMENT(.rela.plt))
                [!provide]                PROVIDE (__rela_iplt_start = .)
 *(SORT_BY_ALIGNMENT(.rela.iplt))
                [!provide]                PROVIDE (__rela_iplt_end = .)

.rel.dyn
 *(SORT_BY_ALIGNMENT(.rel.*))

.rela.dyn
 *(SORT_BY_ALIGNMENT(.rela.*))

/DISCARD/
 *(SORT_BY_ALIGNMENT(.plt))
 *(SORT_BY_ALIGNMENT(.iplt))
 *(SORT_BY_ALIGNMENT(.got.plt))
 *(SORT_BY_ALIGNMENT(.igot.plt))
 *(SORT_BY_ALIGNMENT(.got))
 *(SORT_BY_ALIGNMENT(.igot))
 *(SORT_BY_ALIGNMENT(.note.GNU-stack))
                0x00000000                _image_rom_start = 0x0

rom_start       0x00000000       0xdc
                0x00000000                . = 0x0
                0x00000000                . = ALIGN (0x4)
                0x00000000                . = ALIGN (0x80)
                0x00000000                . = ALIGN (0x100)
                0x00000000                _vector_start = .
 *(SORT_BY_ALIGNMENT(.exc_vector_table))
 *(SORT_BY_ALIGNMENT(.exc_vector_table.*))
 .exc_vector_table._vector_table_section
                0x00000000       0x40 zephyr/arch/arch/arm/core/aarch32/cortex_m/libarch__arm__core__aarch32__cortex_m.a(vector_table.S.obj)
                0x00000000                _vector_table
 *(SORT_BY_ALIGNMENT(.gnu.linkonce.irq_vector_table*))
 .gnu.linkonce.irq_vector_table
                0x00000040       0x9c zephyr/arch/common/libisr_tables.a(isr_tables.c.obj)
                0x00000040                _irq_vector_table
 *(SORT_BY_ALIGNMENT(.vectors))
                0x000000dc                _vector_end = .

text            0x000000dc     0x76f8
                0x000000dc                _image_text_start = .
 *(SORT_BY_ALIGNMENT(.text))
 .text          0x000000dc       0x30 f:/nrf-sdk/ncs/v1.7.0/toolchain/opt/bin/../lib/gcc/arm-none-eabi/9.2.1/thumb/v7e-m/nofp\libgcc.a(_aeabi_uldivmod.o)
                0x000000dc                __aeabi_uldivmod
 .text          0x0000010c      0x2c0 f:/nrf-sdk/ncs/v1.7.0/toolchain/opt/bin/../lib/gcc/arm-none-eabi/9.2.1/thumb/v7e-m/nofp\libgcc.a(_udivmoddi4.o)
                0x0000010c                __udivmoddi4
 .text          0x000003cc        0x4 f:/nrf-sdk/ncs/v1.7.0/toolchain/opt/bin/../lib/gcc/arm-none-eabi/9.2.1/thumb/v7e-m/nofp\libgcc.a(_dvmd_tls.o)
                0x000003cc                __aeabi_idiv0
                0x000003cc                __aeabi_ldiv0
 *(SORT_BY_ALIGNMENT(.text.*))
 .text.button1_work_handler
                0x000003d0       0x18 app/libapp.a(main.c.obj)
                0x000003d0                button1_work_handler
 .text.button2_work_handler
                0x000003e8       0x18 app/libapp.a(main.c.obj)
                0x000003e8                button2_work_handler
 .text.button1_pressed
                0x00000400       0x28 app/libapp.a(main.c.obj)
                0x00000400                button1_pressed
 .text.button2_pressed
                0x00000428       0x28 app/libapp.a(main.c.obj)
                0x00000428                button2_pressed
 .text.configure_gpios
                0x00000450      0x12c app/libapp.a(main.c.obj)
                0x00000450                configure_gpios
 .text.main     0x0000057c       0x18 app/libapp.a(main.c.obj)
                0x0000057c                main
 .text.__printk_hook_install
                0x00000594        0xc zephyr/libzephyr.a(printk.c.obj)
                0x00000594                __printk_hook_install
 .text.vsnprintk
                0x000005a0       0x2c zephyr/libzephyr.a(printk.c.obj)
                0x000005a0                vsnprintk
 .text.process_event
                0x000005cc      0x158 zephyr/libzephyr.a(onoff.c.obj)
 .text.cbvprintf
                0x00000724      0x9d4 zephyr/libzephyr.a(cbprintf_complete.c.obj)
                0x00000724                cbvprintf
 .text.is_rodata
                0x000010f8       0x20 zephyr/libzephyr.a(log_core.c.obj)
 .text.thread_set
                0x00001118       0x28 zephyr/libzephyr.a(log_core.c.obj)
 .text.log_process_thread_timer_expiry_fn
                0x00001140       0x10 zephyr/libzephyr.a(log_core.c.obj)
 .text.next_pending
                0x00001150       0x14 zephyr/libzephyr.a(log_core.c.obj)
 .text.enable_logger
                0x00001164       0x5c zephyr/libzephyr.a(log_core.c.obj)
 .text.log_core_init
                0x000011c0       0x48 zephyr/libzephyr.a(log_core.c.obj)
                0x000011c0                log_core_init
 .text.get_msg  0x00001208       0x28 zephyr/libzephyr.a(log_core.c.obj)
                0x00001208                get_msg
 .text.z_log_dropped
                0x00001230       0x20 zephyr/libzephyr.a(log_core.c.obj)
                0x00001230                z_log_dropped
 .text.z_log_dropped_read_and_clear
                0x00001250       0x20 zephyr/libzephyr.a(log_core.c.obj)
                0x00001250                z_log_dropped_read_and_clear
 .text.dropped_notify
                0x00001270       0x44 zephyr/libzephyr.a(log_core.c.obj)
                0x00001270                dropped_notify
 .text.z_log_dropped_pending
                0x000012b4       0x14 zephyr/libzephyr.a(log_core.c.obj)
                0x000012b4                z_log_dropped_pending
 .text.log_source_name_get
                0x000012c8       0x20 zephyr/libzephyr.a(log_core.c.obj)
                0x000012c8                log_source_name_get
 .text.log_backend_enable
                0x000012e8       0x3c zephyr/libzephyr.a(log_core.c.obj)
                0x000012e8                log_backend_enable
 .text.log_init
                0x00001324       0x70 zephyr/libzephyr.a(log_core.c.obj)
                0x00001324                log_init
 .text.z_log_strdup
                0x00001394       0x60 zephyr/libzephyr.a(log_core.c.obj)
                0x00001394                z_log_strdup
 .text.log_is_strdup
                0x000013f4       0x24 zephyr/libzephyr.a(log_core.c.obj)
                0x000013f4                log_is_strdup
 .text.detect_missed_strdup
                0x00001418       0xa8 zephyr/libzephyr.a(log_core.c.obj)
 .text.msg_process
                0x000014c0       0x64 zephyr/libzephyr.a(log_core.c.obj)
 .text.z_impl_log_process
                0x00001524       0x50 zephyr/libzephyr.a(log_core.c.obj)
                0x00001524                z_impl_log_process
 .text.z_log_msg_post_finalize
                0x00001574       0x98 zephyr/libzephyr.a(log_core.c.obj)
 .text.log_3    0x0000160c       0x7c zephyr/libzephyr.a(log_core.c.obj)
                0x0000160c                log_3
 .text.log_1    0x00001688       0x6c zephyr/libzephyr.a(log_core.c.obj)
                0x00001688                log_1
 .text.log_2    0x000016f4       0x78 zephyr/libzephyr.a(log_core.c.obj)
                0x000016f4                log_2
 .text.log_0    0x0000176c       0x60 zephyr/libzephyr.a(log_core.c.obj)
                0x0000176c                log_0
 .text.z_log_printk
                0x000017cc       0x60 zephyr/libzephyr.a(log_core.c.obj)
                0x000017cc                z_log_printk
 .text.z_impl_log_panic
                0x0000182c       0x58 zephyr/libzephyr.a(log_core.c.obj)
                0x0000182c                z_impl_log_panic
 .text.log_process_thread_func
                0x00001884       0x30 zephyr/libzephyr.a(log_core.c.obj)
 .text.log_free
                0x000018b4       0x38 zephyr/libzephyr.a(log_core.c.obj)
                0x000018b4                log_free
 .text.cont_free
                0x000018ec       0x20 zephyr/libzephyr.a(log_msg.c.obj)
 .text.log_msg_pool_init
                0x0000190c       0x18 zephyr/libzephyr.a(log_msg.c.obj)
                0x0000190c                log_msg_pool_init
 .text.log_msg_no_space_handle
                0x00001924       0x30 zephyr/libzephyr.a(log_msg.c.obj)
                0x00001924                log_msg_no_space_handle
 .text.log_msg_chunk_alloc
                0x00001954       0x38 zephyr/libzephyr.a(log_msg.c.obj)
                0x00001954                log_msg_chunk_alloc
 .text.msg_free
                0x0000198c       0x80 zephyr/libzephyr.a(log_msg.c.obj)
 .text.print_formatted
                0x00001a0c       0x24 zephyr/libzephyr.a(log_output.c.obj)
 .text.timestamp_print
                0x00001a30       0x8c zephyr/libzephyr.a(log_output.c.obj)
 .text.color_print
                0x00001abc       0x2c zephyr/libzephyr.a(log_output.c.obj)
 .text.newline_print
                0x00001ae8       0x28 zephyr/libzephyr.a(log_output.c.obj)
 .text.hexdump_line_print
                0x00001b10       0xbc zephyr/libzephyr.a(log_output.c.obj)
 .text.ids_print
                0x00001bcc       0x6c zephyr/libzephyr.a(log_output.c.obj)
 .text.hexdump_print
                0x00001c38       0x54 zephyr/libzephyr.a(log_output.c.obj)
 .text.raw_string_print
                0x00001c8c       0x5c zephyr/libzephyr.a(log_output.c.obj)
 .text.log_output_dropped_process
                0x00001ce8       0x58 zephyr/libzephyr.a(log_output.c.obj)
                0x00001ce8                log_output_dropped_process
 .text.log_output_timestamp_freq_set
                0x00001d40       0x2c zephyr/libzephyr.a(log_output.c.obj)
                0x00001d40                log_output_timestamp_freq_set
 .text.char_out
                0x00001d6c       0x24 zephyr/libzephyr.a(log_backend_uart.c.obj)
 .text.log_backend_uart_init
                0x00001d90       0x18 zephyr/libzephyr.a(log_backend_uart.c.obj)
 .text.panic    0x00001da8       0x10 zephyr/libzephyr.a(log_backend_uart.c.obj)
 .text.dropped  0x00001db8       0x10 zephyr/libzephyr.a(log_backend_uart.c.obj)
 .text.put      0x00001dc8       0x20 zephyr/libzephyr.a(log_backend_uart.c.obj)
 .text.log_backend_rtt_init
                0x00001de8        0xc zephyr/libzephyr.a(log_backend_rtt.c.obj)
 .text.on_failed_write
                0x00001df4       0x30 zephyr/libzephyr.a(log_backend_rtt.c.obj)
 .text.on_write
                0x00001e24       0x38 zephyr/libzephyr.a(log_backend_rtt.c.obj)
 .text.data_out_block_mode
                0x00001e5c       0x88 zephyr/libzephyr.a(log_backend_rtt.c.obj)
 .text.panic    0x00001ee4       0x18 zephyr/libzephyr.a(log_backend_rtt.c.obj)
 .text.dropped  0x00001efc       0x10 zephyr/libzephyr.a(log_backend_rtt.c.obj)
 .text.put      0x00001f0c       0x20 zephyr/libzephyr.a(log_backend_rtt.c.obj)
 .text.pm_system_resume
                0x00001f2c       0x80 zephyr/libzephyr.a(power.c.obj)
                0x00001f2c                pm_system_resume
 .text.pm_system_suspend
                0x00001fac       0xc8 zephyr/libzephyr.a(power.c.obj)
                0x00001fac                pm_system_suspend
 .text.console_out
                0x00002074       0x2c zephyr/libzephyr.a(uart_console.c.obj)
 .text.uart_console_hook_install
                0x000020a0       0x18 zephyr/libzephyr.a(uart_console.c.obj)
 .text.uart_console_init
                0x000020b8       0x1c zephyr/libzephyr.a(uart_console.c.obj)
 .text.get_hf_flags
                0x000020d4        0x8 zephyr/libzephyr.a(clock_control_nrf.c.obj)
 .text.get_subsys
                0x000020dc       0x18 zephyr/libzephyr.a(clock_control_nrf.c.obj)
 .text.onoff_stop
                0x000020f4       0x20 zephyr/libzephyr.a(clock_control_nrf.c.obj)
 .text.onoff_start
                0x00002114       0x34 zephyr/libzephyr.a(clock_control_nrf.c.obj)
 .text.clock_event_handler
                0x00002148       0x34 zephyr/libzephyr.a(clock_control_nrf.c.obj)
 .text.generic_hfclk_start
                0x0000217c       0x68 zephyr/libzephyr.a(clock_control_nrf.c.obj)
 .text.generic_hfclk_stop
                0x000021e4       0x30 zephyr/libzephyr.a(clock_control_nrf.c.obj)
 .text.api_blocking_start
                0x00002214       0x38 zephyr/libzephyr.a(clock_control_nrf.c.obj)
 .text.lfclk_start
                0x0000224c       0x24 zephyr/libzephyr.a(clock_control_nrf.c.obj)
 .text.clk_init
                0x00002270       0x68 zephyr/libzephyr.a(clock_control_nrf.c.obj)
 .text.lfclk_spinwait
                0x000022d8       0xe8 zephyr/libzephyr.a(clock_control_nrf.c.obj)
 .text.z_nrf_clock_control_lf_on
                0x000023c0       0x54 zephyr/libzephyr.a(clock_control_nrf.c.obj)
                0x000023c0                z_nrf_clock_control_lf_on
 .text.set_comparator
                0x00002414       0x14 zephyr/libzephyr.a(nrf_rtc_timer.c.obj)
 .text.get_comparator
                0x00002428       0x10 zephyr/libzephyr.a(nrf_rtc_timer.c.obj)
 .text.event_enable
                0x00002438       0x14 zephyr/libzephyr.a(nrf_rtc_timer.c.obj)
 .text.event_disable
                0x0000244c       0x14 zephyr/libzephyr.a(nrf_rtc_timer.c.obj)
 .text.counter  0x00002460        0xc zephyr/libzephyr.a(nrf_rtc_timer.c.obj)
 .text.rtc_nrf_isr
                0x0000246c       0x80 zephyr/libzephyr.a(nrf_rtc_timer.c.obj)
                0x0000246c                rtc_nrf_isr
 .text.compare_set
                0x000024ec       0x18 zephyr/libzephyr.a(nrf_rtc_timer.c.obj)
 .text.sys_clock_timeout_handler
                0x00002504       0x1c zephyr/libzephyr.a(nrf_rtc_timer.c.obj)
 .text.sys_clock_driver_init
                0x00002520       0x60 zephyr/libzephyr.a(nrf_rtc_timer.c.obj)
                0x00002520                sys_clock_driver_init
 .text.sys_clock_set_timeout
                0x00002580       0x60 zephyr/libzephyr.a(nrf_rtc_timer.c.obj)
                0x00002580                sys_clock_set_timeout
 .text.sys_clock_elapsed
                0x000025e0       0x14 zephyr/libzephyr.a(nrf_rtc_timer.c.obj)
                0x000025e0                sys_clock_elapsed
 .text.sys_clock_cycle_get_32
                0x000025f4       0x30 zephyr/libzephyr.a(nrf_rtc_timer.c.obj)
                0x000025f4                sys_clock_cycle_get_32
 .text.arch_swap
                0x00002624       0x38 zephyr/arch/arch/arm/core/aarch32/libarch__arm__core__aarch32.a(swap.c.obj)
                0x00002624                arch_swap
 .text.z_arm_pendsv
                0x0000265c       0x58 zephyr/arch/arch/arm/core/aarch32/libarch__arm__core__aarch32.a(swap_helper.S.obj)
                0x0000265c                z_arm_pendsv
 .text.z_arm_svc
                0x000026b4       0x20 zephyr/arch/arch/arm/core/aarch32/libarch__arm__core__aarch32.a(swap_helper.S.obj)
                0x000026b4                z_arm_svc
 .text.arch_irq_enable
                0x000026d4       0x20 zephyr/arch/arch/arm/core/aarch32/libarch__arm__core__aarch32.a(irq_manage.c.obj)
                0x000026d4                arch_irq_enable
 .text.arch_irq_is_enabled
                0x000026f4       0x1c zephyr/arch/arch/arm/core/aarch32/libarch__arm__core__aarch32.a(irq_manage.c.obj)
                0x000026f4                arch_irq_is_enabled
 .text.z_arm_irq_priority_set
                0x00002710       0x2c zephyr/arch/arch/arm/core/aarch32/libarch__arm__core__aarch32.a(irq_manage.c.obj)
                0x00002710                z_arm_irq_priority_set
 .text.arch_new_thread
                0x0000273c       0x40 zephyr/arch/arch/arm/core/aarch32/libarch__arm__core__aarch32.a(thread.c.obj)
                0x0000273c                arch_new_thread
 .text.z_check_thread_stack_fail
                0x0000277c       0x60 zephyr/arch/arch/arm/core/aarch32/libarch__arm__core__aarch32.a(thread.c.obj)
                0x0000277c                z_check_thread_stack_fail
 .text.arch_switch_to_main_thread
                0x000027dc       0x2c zephyr/arch/arch/arm/core/aarch32/libarch__arm__core__aarch32.a(thread.c.obj)
                0x000027dc                arch_switch_to_main_thread
 .text.z_arm_cpu_idle_init
                0x00002808        0xc zephyr/arch/arch/arm/core/aarch32/libarch__arm__core__aarch32.a(cpu_idle.S.obj)
                0x00002808                z_arm_cpu_idle_init
 .text.arch_cpu_idle
                0x00002814       0x1c zephyr/arch/arch/arm/core/aarch32/libarch__arm__core__aarch32.a(cpu_idle.S.obj)
                0x00002814                arch_cpu_idle
 .text.arch_cpu_atomic_idle
                0x00002830       0x14 zephyr/arch/arch/arm/core/aarch32/libarch__arm__core__aarch32.a(cpu_idle.S.obj)
                0x00002830                arch_cpu_atomic_idle
 .text.esf_dump
                0x00002844       0x9c zephyr/arch/arch/arm/core/aarch32/libarch__arm__core__aarch32.a(fatal.c.obj)
 .text.z_SysNmiOnReset
                0x000028e0        0x8 zephyr/arch/arch/arm/core/aarch32/libarch__arm__core__aarch32.a(nmi_on_reset.S.obj)
                0x000028e0                z_SysNmiOnReset
 .text.z_arm_prep_c
                0x000028e8       0x38 zephyr/arch/arch/arm/core/aarch32/libarch__arm__core__aarch32.a(prep_c.c.obj)
                0x000028e8                z_arm_prep_c
 .text._isr_wrapper
                0x00002920       0x40 zephyr/arch/arch/arm/core/aarch32/libarch__arm__core__aarch32.a(isr_wrapper.S.obj)
                0x00002920                _isr_wrapper
 .text._reset_section
                0x00002960       0x54 zephyr/arch/arch/arm/core/aarch32/cortex_m/libarch__arm__core__aarch32__cortex_m.a(reset.S.obj)
                0x00002960                __start
                0x00002960                z_arm_reset
 .text.__fault  0x000029b4       0x14 zephyr/arch/arch/arm/core/aarch32/cortex_m/libarch__arm__core__aarch32__cortex_m.a(fault_s.S.obj)
                0x000029b4                z_arm_usage_fault
                0x000029b4                z_arm_mpu_fault
                0x000029b4                z_arm_exc_spurious
                0x000029b4                z_arm_debug_monitor
                0x000029b4                z_arm_hard_fault
                0x000029b4                z_arm_bus_fault
 .text.usage_fault
                0x000029c8      0x164 zephyr/arch/arch/arm/core/aarch32/cortex_m/libarch__arm__core__aarch32__cortex_m.a(fault.c.obj)
 .text.debug_monitor
                0x00002b2c       0x34 zephyr/arch/arch/arm/core/aarch32/cortex_m/libarch__arm__core__aarch32__cortex_m.a(fault.c.obj)
 .text.bus_fault
                0x00002b60      0x1b0 zephyr/arch/arch/arm/core/aarch32/cortex_m/libarch__arm__core__aarch32__cortex_m.a(fault.c.obj)
 .text.mem_manage_fault
                0x00002d10      0x1c4 zephyr/arch/arch/arm/core/aarch32/cortex_m/libarch__arm__core__aarch32__cortex_m.a(fault.c.obj)
 .text.hard_fault
                0x00002ed4       0xe0 zephyr/arch/arch/arm/core/aarch32/cortex_m/libarch__arm__core__aarch32__cortex_m.a(fault.c.obj)
 .text.reserved_exception
                0x00002fb4       0x48 zephyr/arch/arch/arm/core/aarch32/cortex_m/libarch__arm__core__aarch32__cortex_m.a(fault.c.obj)
 .text.z_arm_fault
                0x00002ffc       0xc4 zephyr/arch/arch/arm/core/aarch32/cortex_m/libarch__arm__core__aarch32__cortex_m.a(fault.c.obj)
                0x00002ffc                z_arm_fault
 .text.z_arm_fault_init
                0x000030c0       0x10 zephyr/arch/arch/arm/core/aarch32/cortex_m/libarch__arm__core__aarch32__cortex_m.a(fault.c.obj)
                0x000030c0                z_arm_fault_init
 .text._HandlerModeExit
                0x000030d0       0x1c zephyr/arch/arch/arm/core/aarch32/cortex_m/libarch__arm__core__aarch32__cortex_m.a(exc_exit.S.obj)
                0x000030d0                z_arm_int_exit
                0x000030d0                z_arm_exc_exit
 .text.z_arm_clear_arm_mpu_config
                0x000030ec       0x20 zephyr/arch/arch/arm/core/aarch32/cortex_m/libarch__arm__core__aarch32__cortex_m.a(scb.c.obj)
                0x000030ec                z_arm_clear_arm_mpu_config
 .text.z_arm_init_arch_hw_at_boot
                0x0000310c       0x54 zephyr/arch/arch/arm/core/aarch32/cortex_m/libarch__arm__core__aarch32__cortex_m.a(scb.c.obj)
                0x0000310c                z_arm_init_arch_hw_at_boot
 .text.z_arm_interrupt_init
                0x00003160       0x34 zephyr/arch/arch/arm/core/aarch32/cortex_m/libarch__arm__core__aarch32__cortex_m.a(irq_init.c.obj)
                0x00003160                z_arm_interrupt_init
 .text.z_impl_k_thread_abort
                0x00003194       0x2c zephyr/arch/arch/arm/core/aarch32/cortex_m/libarch__arm__core__aarch32__cortex_m.a(thread_abort.c.obj)
                0x00003194                z_impl_k_thread_abort
 .text.z_arm_configure_static_mpu_regions
                0x000031c0       0x1c zephyr/arch/arch/arm/core/aarch32/mpu/libarch__arm__core__aarch32__mpu.a(arm_core_mpu.c.obj)
                0x000031c0                z_arm_configure_static_mpu_regions
 .text.z_arm_configure_dynamic_mpu_regions
                0x000031dc       0x24 zephyr/arch/arch/arm/core/aarch32/mpu/libarch__arm__core__aarch32__mpu.a(arm_core_mpu.c.obj)
                0x000031dc                z_arm_configure_dynamic_mpu_regions
 .text.region_init
                0x00003200       0x20 zephyr/arch/arch/arm/core/aarch32/mpu/libarch__arm__core__aarch32__mpu.a(arm_mpu.c.obj)
 .text.region_allocate_and_init
                0x00003220       0x44 zephyr/arch/arch/arm/core/aarch32/mpu/libarch__arm__core__aarch32__mpu.a(arm_mpu.c.obj)
 .text.mpu_configure_regions
                0x00003264       0x80 zephyr/arch/arch/arm/core/aarch32/mpu/libarch__arm__core__aarch32__mpu.a(arm_mpu.c.obj)
 .text.mpu_configure_static_mpu_regions
                0x000032e4       0x14 zephyr/arch/arch/arm/core/aarch32/mpu/libarch__arm__core__aarch32__mpu.a(arm_mpu.c.obj)
 .text.mpu_configure_dynamic_mpu_regions
                0x000032f8       0x30 zephyr/arch/arch/arm/core/aarch32/mpu/libarch__arm__core__aarch32__mpu.a(arm_mpu.c.obj)
 .text.arm_core_mpu_enable
                0x00003328       0x14 zephyr/arch/arch/arm/core/aarch32/mpu/libarch__arm__core__aarch32__mpu.a(arm_mpu.c.obj)
                0x00003328                arm_core_mpu_enable
 .text.arm_core_mpu_disable
                0x0000333c       0x10 zephyr/arch/arch/arm/core/aarch32/mpu/libarch__arm__core__aarch32__mpu.a(arm_mpu.c.obj)
                0x0000333c                arm_core_mpu_disable
 .text.z_arm_mpu_init
                0x0000334c       0x44 zephyr/arch/arch/arm/core/aarch32/mpu/libarch__arm__core__aarch32__mpu.a(arm_mpu.c.obj)
                0x0000334c                z_arm_mpu_init
 .text.__stdout_hook_install
                0x00003390        0xc zephyr/lib/libc/minimal/liblib__libc__minimal.a(stdout_console.c.obj)
                0x00003390                __stdout_hook_install
 .text.nordicsemi_nrf52_init
                0x0000339c       0x30 zephyr/soc/arm/nordic_nrf/nrf52/libsoc__arm__nordic_nrf__nrf52.a(soc.c.obj)
 .text.sys_arch_reboot
                0x000033cc       0x2c zephyr/soc/arm/nordic_nrf/nrf52/libsoc__arm__nordic_nrf__nrf52.a(soc.c.obj)
                0x000033cc                sys_arch_reboot
 .text.arch_busy_wait
                0x000033f8       0x18 zephyr/soc/arm/nordic_nrf/nrf52/libsoc__arm__nordic_nrf__nrf52.a(soc.c.obj)
                0x000033f8                arch_busy_wait
 .text.gpio_nrfx_config
                0x00003410       0xdc zephyr/drivers/gpio/libdrivers__gpio.a(gpio_nrfx.c.obj)
 .text.gpiote_event_handler
                0x000034ec       0xd4 zephyr/drivers/gpio/libdrivers__gpio.a(gpio_nrfx.c.obj)
 .text.gpiote_pin_cleanup
                0x000035c0       0x58 zephyr/drivers/gpio/libdrivers__gpio.a(gpio_nrfx.c.obj)
 .text.gpiote_channel_alloc
                0x00003618       0x8c zephyr/drivers/gpio/libdrivers__gpio.a(gpio_nrfx.c.obj)
 .text.gpio_nrfx_init
                0x000036a4       0x38 zephyr/drivers/gpio/libdrivers__gpio.a(gpio_nrfx.c.obj)
 .text.baudrate_set
                0x000036dc      0x150 zephyr/drivers/serial/libdrivers__serial.a(uart_nrfx_uarte.c.obj)
 .text.uarte_nrfx_poll_out
                0x0000382c       0x70 zephyr/drivers/serial/libdrivers__serial.a(uart_nrfx_uarte.c.obj)
 .text.endtx_stoptx_ppi_init
                0x0000389c       0x74 zephyr/drivers/serial/libdrivers__serial.a(uart_nrfx_uarte.c.obj)
 .text.uarte_0_init
                0x00003910       0x34 zephyr/drivers/serial/libdrivers__serial.a(uart_nrfx_uarte.c.obj)
 .text.k_sys_fatal_error_handler
                0x00003944       0x38 modules/nrf/lib/fatal_error/lib..__nrf__lib__fatal_error.a(fatal_error.c.obj)
                0x00003944                k_sys_fatal_error_handler
 .text.nrf52_errata_12
                0x0000397c       0x24 modules/hal_nordic/nrfx/libmodules__hal_nordic__nrfx.a(system_nrf52.c.obj)
 .text.nrf52_errata_16
                0x000039a0       0x2c modules/hal_nordic/nrfx/libmodules__hal_nordic__nrfx.a(system_nrf52.c.obj)
 .text.nrf52_errata_31
                0x000039cc       0x24 modules/hal_nordic/nrfx/libmodules__hal_nordic__nrfx.a(system_nrf52.c.obj)
 .text.nrf52_errata_32
                0x000039f0       0x2c modules/hal_nordic/nrfx/libmodules__hal_nordic__nrfx.a(system_nrf52.c.obj)
 .text.nrf52_errata_36
                0x00003a1c       0x24 modules/hal_nordic/nrfx/libmodules__hal_nordic__nrfx.a(system_nrf52.c.obj)
 .text.nrf52_errata_37
                0x00003a40       0x2c modules/hal_nordic/nrfx/libmodules__hal_nordic__nrfx.a(system_nrf52.c.obj)
 .text.nrf52_errata_57
                0x00003a6c       0x2c modules/hal_nordic/nrfx/libmodules__hal_nordic__nrfx.a(system_nrf52.c.obj)
 .text.nrf52_errata_66
                0x00003a98       0x44 modules/hal_nordic/nrfx/libmodules__hal_nordic__nrfx.a(system_nrf52.c.obj)
 .text.nrf52_errata_108
                0x00003adc       0x24 modules/hal_nordic/nrfx/libmodules__hal_nordic__nrfx.a(system_nrf52.c.obj)
 .text.nrf52_errata_136
                0x00003b00       0x24 modules/hal_nordic/nrfx/libmodules__hal_nordic__nrfx.a(system_nrf52.c.obj)
 .text.nrf52_errata_182
                0x00003b24       0x2c modules/hal_nordic/nrfx/libmodules__hal_nordic__nrfx.a(system_nrf52.c.obj)
 .text.nrf52_errata_249
                0x00003b50       0x2c modules/hal_nordic/nrfx/libmodules__hal_nordic__nrfx.a(system_nrf52.c.obj)
 .text.nvmc_wait
                0x00003b7c       0x10 modules/hal_nordic/nrfx/libmodules__hal_nordic__nrfx.a(system_nrf52.c.obj)
                0x00003b7c                nvmc_wait
 .text.nvmc_config
                0x00003b8c       0x14 modules/hal_nordic/nrfx/libmodules__hal_nordic__nrfx.a(system_nrf52.c.obj)
                0x00003b8c                nvmc_config
 .text.SystemCoreClockUpdate
                0x00003ba0       0x10 modules/hal_nordic/nrfx/libmodules__hal_nordic__nrfx.a(system_nrf52.c.obj)
                0x00003ba0                SystemCoreClockUpdate
 .text.SystemInit
                0x00003bb0      0x208 modules/hal_nordic/nrfx/libmodules__hal_nordic__nrfx.a(system_nrf52.c.obj)
                0x00003bb0                SystemInit
 .text.nrfx_clock_anomaly_132
                0x00003db8       0x38 modules/hal_nordic/nrfx/libmodules__hal_nordic__nrfx.a(nrfx_clock.c.obj)
 .text.nrfx_clock_init
                0x00003df0       0x28 modules/hal_nordic/nrfx/libmodules__hal_nordic__nrfx.a(nrfx_clock.c.obj)
                0x00003df0                nrfx_clock_init
 .text.nrfx_clock_start
                0x00003e18       0x7c modules/hal_nordic/nrfx/libmodules__hal_nordic__nrfx.a(nrfx_clock.c.obj)
                0x00003e18                nrfx_clock_start
 .text.nrfx_clock_stop
                0x00003e94      0x118 modules/hal_nordic/nrfx/libmodules__hal_nordic__nrfx.a(nrfx_clock.c.obj)
                0x00003e94                nrfx_clock_stop
 .text.nrfx_power_clock_irq_handler
                0x00003fac       0x7c modules/hal_nordic/nrfx/libmodules__hal_nordic__nrfx.a(nrfx_clock.c.obj)
                0x00003fac                nrfx_power_clock_irq_handler
 .text.is_allocated_channel
                0x00004028       0x18 modules/hal_nordic/nrfx/libmodules__hal_nordic__nrfx.a(nrfx_gpiote.c.obj)
 .text.channel_allocated_set
                0x00004040       0x14 modules/hal_nordic/nrfx/libmodules__hal_nordic__nrfx.a(nrfx_gpiote.c.obj)
 .text.channel_allocated_clr
                0x00004054       0x18 modules/hal_nordic/nrfx/libmodules__hal_nordic__nrfx.a(nrfx_gpiote.c.obj)
 .text.nrfx_gpiote_channel_free
                0x0000406c       0x38 modules/hal_nordic/nrfx/libmodules__hal_nordic__nrfx.a(nrfx_gpiote.c.obj)
                0x0000406c                nrfx_gpiote_channel_free
 .text.nrfx_gpiote_channel_alloc
                0x000040a4       0x70 modules/hal_nordic/nrfx/libmodules__hal_nordic__nrfx.a(nrfx_gpiote.c.obj)
                0x000040a4                nrfx_gpiote_channel_alloc
 .text.is_allocated_channel
                0x00004114       0x18 modules/hal_nordic/nrfx/libmodules__hal_nordic__nrfx.a(nrfx_ppi.c.obj)
 .text.channel_allocated_set
                0x0000412c       0x14 modules/hal_nordic/nrfx/libmodules__hal_nordic__nrfx.a(nrfx_ppi.c.obj)
 .text.nrfx_ppi_channel_alloc
                0x00004140       0x6c modules/hal_nordic/nrfx/libmodules__hal_nordic__nrfx.a(nrfx_ppi.c.obj)
                0x00004140                nrfx_ppi_channel_alloc
 .text._DoInit  0x000041ac       0x60 modules/segger/libmodules__segger.a(SEGGER_RTT.c.obj)
 .text.SEGGER_RTT_WriteSkipNoLock
                0x0000420c       0xc8 modules/segger/libmodules__segger.a(SEGGER_RTT.c.obj)
                0x0000420c                SEGGER_RTT_WriteSkipNoLock
 .text.SEGGER_RTT_HasDataUp
                0x000042d4       0x20 modules/segger/libmodules__segger.a(SEGGER_RTT.c.obj)
                0x000042d4                SEGGER_RTT_HasDataUp
 .text.z_device_state_init
                0x000042f4       0x18 zephyr/kernel/libkernel.a(device.c.obj)
                0x000042f4                z_device_state_init
 .text.z_sys_init_run_level
                0x0000430c       0x50 zephyr/kernel/libkernel.a(device.c.obj)
                0x0000430c                z_sys_init_run_level
 .text.z_impl_device_get_binding
                0x0000435c       0x64 zephyr/kernel/libkernel.a(device.c.obj)
                0x0000435c                z_impl_device_get_binding
 .text.reason_to_str
                0x000043c0       0x40 zephyr/kernel/libkernel.a(fatal.c.obj)
 .text.thread_name_get
                0x00004400       0x20 zephyr/kernel/libkernel.a(fatal.c.obj)
 .text.z_fatal_error
                0x00004420       0xdc zephyr/kernel/libkernel.a(fatal.c.obj)
                0x00004420                z_fatal_error
 .text.init_idle_thread
                0x000044fc       0x70 zephyr/kernel/libkernel.a(init.c.obj)
 .text.prepare_multithreading
                0x0000456c       0xa0 zephyr/kernel/libkernel.a(init.c.obj)
 .text.switch_to_main_thread
                0x0000460c       0x14 zephyr/kernel/libkernel.a(init.c.obj)
 .text.z_bss_zero
                0x00004620       0x18 zephyr/kernel/libkernel.a(init.c.obj)
                0x00004620                z_bss_zero
 .text.bg_thread_main
                0x00004638       0x34 zephyr/kernel/libkernel.a(init.c.obj)
 .text.z_cstart
                0x0000466c       0x80 zephyr/kernel/libkernel.a(init.c.obj)
                0x0000466c                z_cstart
 .text.init_mem_slab_module
                0x000046ec       0x24 zephyr/kernel/libkernel.a(mem_slab.c.obj)
 .text.k_mem_slab_alloc
                0x00004710       0x6c zephyr/kernel/libkernel.a(mem_slab.c.obj)
                0x00004710                k_mem_slab_alloc
 .text.z_thread_monitor_exit
                0x0000477c       0x40 zephyr/kernel/libkernel.a(thread.c.obj)
                0x0000477c                z_thread_monitor_exit
 .text.z_impl_k_thread_name_set
                0x000047bc       0x24 zephyr/kernel/libkernel.a(thread.c.obj)
                0x000047bc                z_impl_k_thread_name_set
 .text.schedule_new_thread
                0x000047e0       0x24 zephyr/kernel/libkernel.a(thread.c.obj)
 .text.z_setup_new_thread
                0x00004804       0xc8 zephyr/kernel/libkernel.a(thread.c.obj)
                0x00004804                z_setup_new_thread
 .text.z_init_static_threads
                0x000048cc       0x9c zephyr/kernel/libkernel.a(thread.c.obj)
                0x000048cc                z_init_static_threads
 .text.pm_save_idle
                0x00004968       0x1c zephyr/kernel/libkernel.a(idle.c.obj)
 .text.z_impl_k_mutex_lock
                0x00004984      0x114 zephyr/kernel/libkernel.a(mutex.c.obj)
                0x00004984                z_impl_k_mutex_lock
 .text.z_impl_k_mutex_unlock
                0x00004a98       0x88 zephyr/kernel/libkernel.a(mutex.c.obj)
                0x00004a98                z_impl_k_mutex_unlock
 .text.z_impl_k_sem_give
                0x00004b20       0x48 zephyr/kernel/libkernel.a(sem.c.obj)
                0x00004b20                z_impl_k_sem_give
 .text.z_impl_k_sem_take
                0x00004b68       0x54 zephyr/kernel/libkernel.a(sem.c.obj)
                0x00004b68                z_impl_k_sem_take
 .text.submit_to_queue_locked
                0x00004bbc       0xd8 zephyr/kernel/libkernel.a(work.c.obj)
 .text.finalize_cancel_locked
                0x00004c94       0x78 zephyr/kernel/libkernel.a(work.c.obj)
 .text.work_queue_main
                0x00004d0c       0xf0 zephyr/kernel/libkernel.a(work.c.obj)
 .text.k_work_submit
                0x00004dfc       0x10 zephyr/kernel/libkernel.a(work.c.obj)
                0x00004dfc                k_work_submit
 .text.k_work_queue_start
                0x00004e0c       0x7c zephyr/kernel/libkernel.a(work.c.obj)
                0x00004e0c                k_work_queue_start
 .text.add_thread_timeout
                0x00004e88       0x20 zephyr/kernel/libkernel.a(sched.c.obj)
 .text.z_reset_time_slice
                0x00004ea8       0x2c zephyr/kernel/libkernel.a(sched.c.obj)
                0x00004ea8                z_reset_time_slice
 .text.k_sched_time_slice_set
                0x00004ed4       0x78 zephyr/kernel/libkernel.a(sched.c.obj)
                0x00004ed4                k_sched_time_slice_set
 .text.z_reschedule
                0x00004f4c       0x38 zephyr/kernel/libkernel.a(sched.c.obj)
                0x00004f4c                z_reschedule
 .text.k_sched_lock
                0x00004f84       0x30 zephyr/kernel/libkernel.a(sched.c.obj)
                0x00004f84                k_sched_lock
 .text.update_cache
                0x00004fb4       0x4c zephyr/kernel/libkernel.a(sched.c.obj)
 .text.unready_thread
                0x00005000       0x38 zephyr/kernel/libkernel.a(sched.c.obj)
 .text.z_pend_curr
                0x00005038       0x28 zephyr/kernel/libkernel.a(sched.c.obj)
                0x00005038                z_pend_curr
 .text.z_impl_k_thread_suspend
                0x00005060       0x84 zephyr/kernel/libkernel.a(sched.c.obj)
                0x00005060                z_impl_k_thread_suspend
 .text.k_sched_unlock
                0x000050e4       0x4c zephyr/kernel/libkernel.a(sched.c.obj)
                0x000050e4                k_sched_unlock
 .text.move_thread_to_end_of_prio_q
                0x00005130       0x88 zephyr/kernel/libkernel.a(sched.c.obj)
 .text.z_time_slice
                0x000051b8       0x98 zephyr/kernel/libkernel.a(sched.c.obj)
                0x000051b8                z_time_slice
 .text.ready_thread
                0x00005250       0x80 zephyr/kernel/libkernel.a(sched.c.obj)
 .text.z_sched_start
                0x000052d0       0x3c zephyr/kernel/libkernel.a(sched.c.obj)
                0x000052d0                z_sched_start
 .text.z_set_prio
                0x0000530c       0xc0 zephyr/kernel/libkernel.a(sched.c.obj)
                0x0000530c                z_set_prio
 .text.end_thread
                0x000053cc       0x9c zephyr/kernel/libkernel.a(sched.c.obj)
 .text.z_sched_init
                0x00005468       0x1c zephyr/kernel/libkernel.a(sched.c.obj)
                0x00005468                z_sched_init
 .text.z_impl_k_yield
                0x00005484       0x88 zephyr/kernel/libkernel.a(sched.c.obj)
                0x00005484                z_impl_k_yield
 .text.z_tick_sleep
                0x0000550c       0xa0 zephyr/kernel/libkernel.a(sched.c.obj)
 .text.z_impl_k_sleep
                0x000055ac       0x58 zephyr/kernel/libkernel.a(sched.c.obj)
                0x000055ac                z_impl_k_sleep
 .text.z_impl_k_current_get
                0x00005604        0xc zephyr/kernel/libkernel.a(sched.c.obj)
                0x00005604                z_impl_k_current_get
 .text.z_impl_k_is_preempt_thread
                0x00005610       0x20 zephyr/kernel/libkernel.a(sched.c.obj)
                0x00005610                z_impl_k_is_preempt_thread
 .text.z_thread_abort
                0x00005630       0x50 zephyr/kernel/libkernel.a(sched.c.obj)
                0x00005630                z_thread_abort
 .text.z_sched_wait
                0x00005680       0x24 zephyr/kernel/libkernel.a(sched.c.obj)
                0x00005680                z_sched_wait
 .text.z_data_copy
                0x000056a4       0x34 zephyr/kernel/libkernel.a(xip.c.obj)
                0x000056a4                z_data_copy
 .text.first    0x000056d8       0x14 zephyr/kernel/libkernel.a(timeout.c.obj)
 .text.next     0x000056ec       0x18 zephyr/kernel/libkernel.a(timeout.c.obj)
 .text.elapsed  0x00005704       0x18 zephyr/kernel/libkernel.a(timeout.c.obj)
 .text.next_timeout
                0x0000571c       0x4c zephyr/kernel/libkernel.a(timeout.c.obj)
 .text.z_add_timeout
                0x00005768      0x154 zephyr/kernel/libkernel.a(timeout.c.obj)
                0x00005768                z_add_timeout
 .text.sys_clock_announce
                0x000058bc       0xc4 zephyr/kernel/libkernel.a(timeout.c.obj)
                0x000058bc                sys_clock_announce
 .text.sys_clock_tick_get
                0x00005980       0x40 zephyr/kernel/libkernel.a(timeout.c.obj)
                0x00005980                sys_clock_tick_get
 .text.z_timer_expiration_handler
                0x000059c0       0x54 zephyr/kernel/libkernel.a(timer.c.obj)
                0x000059c0                z_timer_expiration_handler
 .text.z_impl_k_timer_start
                0x00005a14       0xe0 zephyr/kernel/libkernel.a(timer.c.obj)
                0x00005a14                z_impl_k_timer_start
 .text.boot_banner
                0x00005af4       0x1c zephyr/kernel/libkernel.a(banner.c.obj)
                0x00005af4                boot_banner
 .text.k_sys_work_q_init
                0x00005b10       0x34 zephyr/kernel/libkernel.a(system_work_q.c.obj)
 .text.sys_notify_validate
                0x00005b44       0x2e zephyr/libzephyr.a(notify.c.obj)
                0x00005b44                sys_notify_validate
 .text.sys_notify_finalize
                0x00005b72       0x1a zephyr/libzephyr.a(notify.c.obj)
                0x00005b72                sys_notify_finalize
 .text.arch_printk_char_out
                0x00005b8c        0x4 zephyr/libzephyr.a(printk.c.obj)
                0x00005b8c                arch_printk_char_out
 .text.str_out  0x00005b90       0x30 zephyr/libzephyr.a(printk.c.obj)
 .text.printk   0x00005bc0       0x1c zephyr/libzephyr.a(printk.c.obj)
                0x00005bc0                printk
 .text.snprintk
                0x00005bdc       0x1c zephyr/libzephyr.a(printk.c.obj)
                0x00005bdc                snprintk
 .text.set_state
                0x00005bf8       0x10 zephyr/libzephyr.a(onoff.c.obj)
 .text.notify_monitors
                0x00005c08       0x3e zephyr/libzephyr.a(onoff.c.obj)
 .text.process_recheck
                0x00005c46       0x32 zephyr/libzephyr.a(onoff.c.obj)
 .text.process_complete
                0x00005c78       0x9a zephyr/libzephyr.a(onoff.c.obj)
 .text.validate_args
                0x00005d12       0x2c zephyr/libzephyr.a(onoff.c.obj)
 .text.notify_one
                0x00005d3e       0x26 zephyr/libzephyr.a(onoff.c.obj)
 .text.notify_all
                0x00005d64       0x2e zephyr/libzephyr.a(onoff.c.obj)
 .text.transition_complete
                0x00005d92       0x1c zephyr/libzephyr.a(onoff.c.obj)
 .text.onoff_manager_init
                0x00005dae       0x38 zephyr/libzephyr.a(onoff.c.obj)
                0x00005dae                onoff_manager_init
 .text.onoff_request
                0x00005de6       0xb8 zephyr/libzephyr.a(onoff.c.obj)
                0x00005de6                onoff_request
 .text.z_thread_entry
                0x00005e9e       0x14 zephyr/libzephyr.a(thread_entry.c.obj)
                0x00005e9e                z_thread_entry
 .text.extract_decimal
                0x00005eb2       0x26 zephyr/libzephyr.a(cbprintf_complete.c.obj)
 .text.encode_uint
                0x00005ed8       0xd4 zephyr/libzephyr.a(cbprintf_complete.c.obj)
 .text.outs     0x00005fac       0x34 zephyr/libzephyr.a(cbprintf_complete.c.obj)
 .text._ConfigAbsSyms
                0x00005fe0        0x2 zephyr/libzephyr.a(configs.c.obj)
                0x00005fe0                _ConfigAbsSyms
 .text.log_list_init
                0x00005fe2        0x8 zephyr/libzephyr.a(log_list.c.obj)
                0x00005fe2                log_list_init
 .text.log_list_add_tail
                0x00005fea       0x14 zephyr/libzephyr.a(log_list.c.obj)
                0x00005fea                log_list_add_tail
 .text.log_list_head_peek
                0x00005ffe        0x4 zephyr/libzephyr.a(log_list.c.obj)
                0x00005ffe                log_list_head_peek
 .text.log_list_head_get
                0x00006002        0xc zephyr/libzephyr.a(log_list.c.obj)
                0x00006002                log_list_head_get
 .text.dummy_timestamp
                0x0000600e        0x4 zephyr/libzephyr.a(log_core.c.obj)
 .text.msg_filter_check
                0x00006012        0x4 zephyr/libzephyr.a(log_core.c.obj)
 .text.default_get_timestamp
                0x00006016        0x8 zephyr/libzephyr.a(log_core.c.obj)
 .text.z_log_get_s_mask
                0x0000601e       0x42 zephyr/libzephyr.a(log_core.c.obj)
                0x0000601e                z_log_get_s_mask
 .text.block_on_alloc
                0x00006060        0x4 zephyr/libzephyr.a(log_msg.c.obj)
 .text.cont_arg_get
                0x00006064       0x24 zephyr/libzephyr.a(log_msg.c.obj)
 .text.log_msg_hexdump_data_op
                0x00006088       0xbe zephyr/libzephyr.a(log_msg.c.obj)
 .text.log_msg_get
                0x00006146       0x1a zephyr/libzephyr.a(log_msg.c.obj)
                0x00006146                log_msg_get
 .text.log_msg_nargs_get
                0x00006160        0x6 zephyr/libzephyr.a(log_msg.c.obj)
                0x00006160                log_msg_nargs_get
 .text.log_msg_arg_get
                0x00006166       0x24 zephyr/libzephyr.a(log_msg.c.obj)
                0x00006166                log_msg_arg_get
 .text.log_msg_str_get
                0x0000618a        0x4 zephyr/libzephyr.a(log_msg.c.obj)
                0x0000618a                log_msg_str_get
 .text.log_msg_put
                0x0000618e       0x26 zephyr/libzephyr.a(log_msg.c.obj)
                0x0000618e                log_msg_put
 .text.log_msg_hexdump_create
                0x000061b4       0xb0 zephyr/libzephyr.a(log_msg.c.obj)
                0x000061b4                log_msg_hexdump_create
 .text.log_msg_hexdump_data_get
                0x00006264       0x10 zephyr/libzephyr.a(log_msg.c.obj)
                0x00006264                log_msg_hexdump_data_get
 .text.buffer_write
                0x00006274       0x1a zephyr/libzephyr.a(log_output.c.obj)
 .text.color_prefix
                0x0000628e        0xc zephyr/libzephyr.a(log_output.c.obj)
 .text.color_postfix
                0x0000629a        0xc zephyr/libzephyr.a(log_output.c.obj)
 .text.postfix_print
                0x000062a6       0x18 zephyr/libzephyr.a(log_output.c.obj)
 .text.prefix_print
                0x000062be       0x4e zephyr/libzephyr.a(log_output.c.obj)
 .text.std_print
                0x0000630c      0x2b6 zephyr/libzephyr.a(log_output.c.obj)
 .text.log_output_flush
                0x000065c2       0x1a zephyr/libzephyr.a(log_output.c.obj)
                0x000065c2                log_output_flush
 .text.out_func
                0x000065dc       0x38 zephyr/libzephyr.a(log_output.c.obj)
 .text.log_output_msg_process
                0x00006614       0x7e zephyr/libzephyr.a(log_output.c.obj)
                0x00006614                log_output_msg_process
 .text.pm_policy_next_state
                0x00006692        0xa zephyr/libzephyr.a(policy_residency.c.obj)
                0x00006692                pm_policy_next_state
 .text.get_sub_data
                0x0000669c        0xe zephyr/libzephyr.a(clock_control_nrf.c.obj)
 .text.get_sub_config
                0x000066aa        0xc zephyr/libzephyr.a(clock_control_nrf.c.obj)
 .text.get_onoff_manager
                0x000066b6        0xc zephyr/libzephyr.a(clock_control_nrf.c.obj)
 .text.get_status
                0x000066c2       0x10 zephyr/libzephyr.a(clock_control_nrf.c.obj)
 .text.set_off_state
                0x000066d2       0x32 zephyr/libzephyr.a(clock_control_nrf.c.obj)
 .text.set_starting_state
                0x00006704       0x40 zephyr/libzephyr.a(clock_control_nrf.c.obj)
 .text.set_on_state
                0x00006744       0x26 zephyr/libzephyr.a(clock_control_nrf.c.obj)
 .text.clkstarted_handle
                0x0000676a       0x24 zephyr/libzephyr.a(clock_control_nrf.c.obj)
 .text.stop     0x0000678e       0x2a zephyr/libzephyr.a(clock_control_nrf.c.obj)
 .text.api_stop
                0x000067b8        0xa zephyr/libzephyr.a(clock_control_nrf.c.obj)
 .text.async_start
                0x000067c2       0x38 zephyr/libzephyr.a(clock_control_nrf.c.obj)
 .text.api_start
                0x000067fa       0x10 zephyr/libzephyr.a(clock_control_nrf.c.obj)
 .text.onoff_started_callback
                0x0000680a       0x10 zephyr/libzephyr.a(clock_control_nrf.c.obj)
 .text.hfclk_start
                0x0000681a        0xa zephyr/libzephyr.a(clock_control_nrf.c.obj)
 .text.hfclk_stop
                0x00006824        0xa zephyr/libzephyr.a(clock_control_nrf.c.obj)
 .text.lfclk_stop
                0x0000682e        0xa zephyr/libzephyr.a(clock_control_nrf.c.obj)
 .text.blocking_start_callback
                0x00006838        0xa zephyr/libzephyr.a(clock_control_nrf.c.obj)
 .text.sys_clock_isr
                0x00006842        0x2 zephyr/libzephyr.a(sys_clock_init.c.obj)
                0x00006842                sys_clock_isr
 .text.sys_clock_idle_exit
                0x00006844        0x2 zephyr/libzephyr.a(sys_clock_init.c.obj)
                0x00006844                sys_clock_idle_exit
 .text.counter_sub
                0x00006846        0x8 zephyr/libzephyr.a(nrf_rtc_timer.c.obj)
 .text.event_clear
                0x0000684e       0x18 zephyr/libzephyr.a(nrf_rtc_timer.c.obj)
 .text.set_absolute_alarm
                0x00006866       0x74 zephyr/libzephyr.a(nrf_rtc_timer.c.obj)
 .text.z_irq_spurious
                0x000068da        0xc zephyr/arch/arch/arm/core/aarch32/libarch__arm__core__aarch32.a(irq_manage.c.obj)
                0x000068da                z_irq_spurious
 .text.z_arm_fatal_error
                0x000068e6       0x18 zephyr/arch/arch/arm/core/aarch32/libarch__arm__core__aarch32.a(fatal.c.obj)
                0x000068e6                z_arm_fatal_error
 .text.z_do_kernel_oops
                0x000068fe        0xc zephyr/arch/arch/arm/core/aarch32/libarch__arm__core__aarch32.a(fatal.c.obj)
                0x000068fe                z_do_kernel_oops
 .text.z_arm_nmi
                0x0000690a        0xc zephyr/arch/arch/arm/core/aarch32/libarch__arm__core__aarch32.a(nmi.c.obj)
                0x0000690a                z_arm_nmi
 .text.memory_fault_recoverable
                0x00006916        0x4 zephyr/arch/arch/arm/core/aarch32/cortex_m/libarch__arm__core__aarch32__cortex_m.a(fault.c.obj)
 .text.fault_handle
                0x0000691a       0x4a zephyr/arch/arch/arm/core/aarch32/cortex_m/libarch__arm__core__aarch32__cortex_m.a(fault.c.obj)
 .text.mpu_partition_is_valid
                0x00006964       0x22 zephyr/arch/arch/arm/core/aarch32/mpu/libarch__arm__core__aarch32__mpu.a(arm_mpu.c.obj)
 .text.mpu_configure_region
                0x00006986       0x3e zephyr/arch/arch/arm/core/aarch32/mpu/libarch__arm__core__aarch32__mpu.a(arm_mpu.c.obj)
 .text.arm_core_mpu_configure_static_mpu_regions
                0x000069c4        0x8 zephyr/arch/arch/arm/core/aarch32/mpu/libarch__arm__core__aarch32__mpu.a(arm_mpu.c.obj)
                0x000069c4                arm_core_mpu_configure_static_mpu_regions
 .text.arm_core_mpu_configure_dynamic_mpu_regions
                0x000069cc        0x8 zephyr/arch/arch/arm/core/aarch32/mpu/libarch__arm__core__aarch32__mpu.a(arm_mpu.c.obj)
                0x000069cc                arm_core_mpu_configure_dynamic_mpu_regions
 .text.strcpy   0x000069d4       0x12 zephyr/lib/libc/minimal/liblib__libc__minimal.a(string.c.obj)
                0x000069d4                strcpy
 .text.strncpy  0x000069e6       0x34 zephyr/lib/libc/minimal/liblib__libc__minimal.a(string.c.obj)
                0x000069e6                strncpy
 .text.strlen   0x00006a1a       0x10 zephyr/lib/libc/minimal/liblib__libc__minimal.a(string.c.obj)
                0x00006a1a                strlen
 .text.strnlen  0x00006a2a       0x14 zephyr/lib/libc/minimal/liblib__libc__minimal.a(string.c.obj)
                0x00006a2a                strnlen
 .text.strcmp   0x00006a3e       0x14 zephyr/lib/libc/minimal/liblib__libc__minimal.a(string.c.obj)
                0x00006a3e                strcmp
 .text.memcpy   0x00006a52       0x48 zephyr/lib/libc/minimal/liblib__libc__minimal.a(string.c.obj)
                0x00006a52                memcpy
 .text.memset   0x00006a9a       0x3a zephyr/lib/libc/minimal/liblib__libc__minimal.a(string.c.obj)
                0x00006a9a                memset
 .text._stdout_hook_default
                0x00006ad4        0x6 zephyr/lib/libc/minimal/liblib__libc__minimal.a(stdout_console.c.obj)
 .text.pm_power_state_set
                0x00006ada       0x26 zephyr/soc/arm/nordic_nrf/nrf52/libsoc__arm__nordic_nrf__nrf52.a(power.c.obj)
                0x00006ada                pm_power_state_set
 .text.pm_power_state_exit_post_ops
                0x00006b00       0x16 zephyr/soc/arm/nordic_nrf/nrf52/libsoc__arm__nordic_nrf__nrf52.a(power.c.obj)
                0x00006b00                pm_power_state_exit_post_ops
 .text.gpio_nrfx_port_get_raw
                0x00006b16        0xe zephyr/drivers/gpio/libdrivers__gpio.a(gpio_nrfx.c.obj)
 .text.gpio_nrfx_port_set_masked_raw
                0x00006b24       0x16 zephyr/drivers/gpio/libdrivers__gpio.a(gpio_nrfx.c.obj)
 .text.gpio_nrfx_port_set_bits_raw
                0x00006b3a        0xc zephyr/drivers/gpio/libdrivers__gpio.a(gpio_nrfx.c.obj)
 .text.gpio_nrfx_port_clear_bits_raw
                0x00006b46        0xc zephyr/drivers/gpio/libdrivers__gpio.a(gpio_nrfx.c.obj)
 .text.gpio_nrfx_port_toggle_bits
                0x00006b52       0x12 zephyr/drivers/gpio/libdrivers__gpio.a(gpio_nrfx.c.obj)
 .text.gpio_nrfx_manage_callback
                0x00006b64       0x64 zephyr/drivers/gpio/libdrivers__gpio.a(gpio_nrfx.c.obj)
 .text.cfg_level_pins
                0x00006bc8       0x64 zephyr/drivers/gpio/libdrivers__gpio.a(gpio_nrfx.c.obj)
 .text.check_level_trigger_pins
                0x00006c2c       0x86 zephyr/drivers/gpio/libdrivers__gpio.a(gpio_nrfx.c.obj)
 .text.gpiote_pin_int_cfg
                0x00006cb2       0x9e zephyr/drivers/gpio/libdrivers__gpio.a(gpio_nrfx.c.obj)
 .text.gpio_nrfx_pin_interrupt_configure
                0x00006d50       0xa8 zephyr/drivers/gpio/libdrivers__gpio.a(gpio_nrfx.c.obj)
 .text.endtx_isr
                0x00006df8       0x32 zephyr/drivers/serial/libdrivers__serial.a(uart_nrfx_uarte.c.obj)
 .text.uarte_nrfx_isr_int
                0x00006e2a       0x56 zephyr/drivers/serial/libdrivers__serial.a(uart_nrfx_uarte.c.obj)
 .text.uarte_nrfx_configure
                0x00006e80       0xa6 zephyr/drivers/serial/libdrivers__serial.a(uart_nrfx_uarte.c.obj)
 .text.uarte_nrfx_config_get
                0x00006f26       0x10 zephyr/drivers/serial/libdrivers__serial.a(uart_nrfx_uarte.c.obj)
 .text.uarte_nrfx_err_check
                0x00006f36        0xe zephyr/drivers/serial/libdrivers__serial.a(uart_nrfx_uarte.c.obj)
 .text.is_tx_ready
                0x00006f44       0x28 zephyr/drivers/serial/libdrivers__serial.a(uart_nrfx_uarte.c.obj)
 .text.uarte_enable
                0x00006f6c        0xc zephyr/drivers/serial/libdrivers__serial.a(uart_nrfx_uarte.c.obj)
 .text.tx_start
                0x00006f78       0x40 zephyr/drivers/serial/libdrivers__serial.a(uart_nrfx_uarte.c.obj)
 .text.uarte_nrfx_poll_in
                0x00006fb8       0x2a zephyr/drivers/serial/libdrivers__serial.a(uart_nrfx_uarte.c.obj)
 .text.wait_tx_ready
                0x00006fe2       0x4e zephyr/drivers/serial/libdrivers__serial.a(uart_nrfx_uarte.c.obj)
 .text.uarte_instance_init
                0x00007030      0x136 zephyr/drivers/serial/libdrivers__serial.a(uart_nrfx_uarte.c.obj)
 .text.nrfx_isr
                0x00007166        0x6 modules/hal_nordic/nrfx/libmodules__hal_nordic__nrfx.a(nrfx_glue.c.obj)
                0x00007166                nrfx_isr
 .text.nrfx_busy_wait
                0x0000716c        0x8 modules/hal_nordic/nrfx/libmodules__hal_nordic__nrfx.a(nrfx_glue.c.obj)
                0x0000716c                nrfx_busy_wait
 .text.nrfx_clock_enable
                0x00007174       0x12 modules/hal_nordic/nrfx/libmodules__hal_nordic__nrfx.a(nrfx_clock.c.obj)
                0x00007174                nrfx_clock_enable
 .text.is_app_channel
                0x00007186       0x10 modules/hal_nordic/nrfx/libmodules__hal_nordic__nrfx.a(nrfx_gpiote.c.obj)
 .text.SEGGER_RTT_Init
                0x00007196        0x8 modules/segger/libmodules__segger.a(SEGGER_RTT.c.obj)
                0x00007196                SEGGER_RTT_Init
 .text.rtt_init
                0x0000719e        0xa modules/segger/libmodules__segger.a(SEGGER_RTT_zephyr.c.obj)
 .text.z_device_ready
                0x000071a8       0x1a zephyr/kernel/libkernel.a(device.c.obj)
                0x000071a8                z_device_ready
 .text.create_free_list
                0x000071c2       0x2e zephyr/kernel/libkernel.a(mem_slab.c.obj)
 .text.k_mem_slab_init
                0x000071f0       0x1c zephyr/kernel/libkernel.a(mem_slab.c.obj)
                0x000071f0                k_mem_slab_init
 .text.k_mem_slab_free
                0x0000720c       0x58 zephyr/kernel/libkernel.a(mem_slab.c.obj)
                0x0000720c                k_mem_slab_free
 .text.setup_thread_stack
                0x00007264       0x24 zephyr/kernel/libkernel.a(thread.c.obj)
 .text.k_is_in_isr
                0x00007288        0xc zephyr/kernel/libkernel.a(thread.c.obj)
                0x00007288                k_is_in_isr
 .text.k_thread_name_get
                0x00007294        0x4 zephyr/kernel/libkernel.a(thread.c.obj)
                0x00007294                k_thread_name_get
 .text.z_impl_k_thread_start
                0x00007298        0x8 zephyr/kernel/libkernel.a(thread.c.obj)
                0x00007298                z_impl_k_thread_start
 .text.z_init_thread_base
                0x000072a0       0x16 zephyr/kernel/libkernel.a(thread.c.obj)
                0x000072a0                z_init_thread_base
 .text.z_impl_k_thread_create
                0x000072b6       0x44 zephyr/kernel/libkernel.a(thread.c.obj)
                0x000072b6                z_impl_k_thread_create
 .text.z_pm_save_idle_exit
                0x000072fa        0xc zephyr/kernel/libkernel.a(idle.c.obj)
                0x000072fa                z_pm_save_idle_exit
 .text.idle     0x00007306       0x18 zephyr/kernel/libkernel.a(idle.c.obj)
                0x00007306                idle
 .text.new_prio_for_inheritance
                0x0000731e       0x16 zephyr/kernel/libkernel.a(mutex.c.obj)
 .text.adjust_owner_prio
                0x00007334       0x16 zephyr/kernel/libkernel.a(mutex.c.obj)
 .text.k_work_init
                0x0000734a        0xc zephyr/kernel/libkernel.a(work.c.obj)
                0x0000734a                k_work_init
 .text.k_work_submit_to_queue
                0x00007356       0x40 zephyr/kernel/libkernel.a(work.c.obj)
                0x00007356                k_work_submit_to_queue
 .text.thread_active_elsewhere
                0x00007396        0x4 zephyr/kernel/libkernel.a(sched.c.obj)
 .text.pended_on_thread
                0x0000739a        0x4 zephyr/kernel/libkernel.a(sched.c.obj)
 .text.z_sched_prio_cmp
                0x0000739e       0x14 zephyr/kernel/libkernel.a(sched.c.obj)
                0x0000739e                z_sched_prio_cmp
 .text.z_unpend_thread_no_timeout
                0x000073b2       0x3e zephyr/kernel/libkernel.a(sched.c.obj)
                0x000073b2                z_unpend_thread_no_timeout
 .text.z_reschedule_irqlock
                0x000073f0       0x2a zephyr/kernel/libkernel.a(sched.c.obj)
                0x000073f0                z_reschedule_irqlock
 .text.z_priq_dumb_remove
                0x0000741a       0x10 zephyr/kernel/libkernel.a(sched.c.obj)
                0x0000741a                z_priq_dumb_remove
 .text.z_priq_dumb_best
                0x0000742a        0xe zephyr/kernel/libkernel.a(sched.c.obj)
                0x0000742a                z_priq_dumb_best
 .text.add_to_waitq_locked
                0x00007438       0x54 zephyr/kernel/libkernel.a(sched.c.obj)
 .text.pend     0x0000748c       0x42 zephyr/kernel/libkernel.a(sched.c.obj)
 .text.z_ready_thread
                0x000074ce       0x38 zephyr/kernel/libkernel.a(sched.c.obj)
                0x000074ce                z_ready_thread
 .text.z_thread_timeout
                0x00007506       0x68 zephyr/kernel/libkernel.a(sched.c.obj)
                0x00007506                z_thread_timeout
 .text.z_unpend1_no_timeout
                0x0000756e       0x4e zephyr/kernel/libkernel.a(sched.c.obj)
                0x0000756e                z_unpend1_no_timeout
 .text.z_unpend_first_thread
                0x000075bc       0x56 zephyr/kernel/libkernel.a(sched.c.obj)
                0x000075bc                z_unpend_first_thread
 .text.z_sched_wake
                0x00007612       0x6e zephyr/kernel/libkernel.a(sched.c.obj)
                0x00007612                z_sched_wake
 .text.remove_timeout
                0x00007680       0x2e zephyr/kernel/libkernel.a(timeout.c.obj)
 .text.z_abort_timeout
                0x000076ae       0x3c zephyr/kernel/libkernel.a(timeout.c.obj)
                0x000076ae                z_abort_timeout
 .text.z_get_next_timeout_expiry
                0x000076ea       0x2c zephyr/kernel/libkernel.a(timeout.c.obj)
                0x000076ea                z_get_next_timeout_expiry
 .text.z_set_timeout_expiry
                0x00007716       0x56 zephyr/kernel/libkernel.a(timeout.c.obj)
                0x00007716                z_set_timeout_expiry
 .text.sys_clock_tick_get_32
                0x0000776c        0x8 zephyr/kernel/libkernel.a(timeout.c.obj)
                0x0000776c                sys_clock_tick_get_32
 .text.z_impl_k_busy_wait
                0x00007774        0xc zephyr/kernel/libkernel.a(timeout.c.obj)
                0x00007774                z_impl_k_busy_wait
 .text.k_timer_init
                0x00007780       0x18 zephyr/kernel/libkernel.a(timer.c.obj)
                0x00007780                k_timer_init
 .text.z_impl_k_timer_stop
                0x00007798       0x36 zephyr/kernel/libkernel.a(timer.c.obj)
                0x00007798                z_impl_k_timer_stop
 .text._OffsetAbsSyms
                0x000077ce        0x2 zephyr/CMakeFiles/offsets.dir/./arch/arm/core/offsets/offsets.c.obj
                0x000077ce                _OffsetAbsSyms
 *(SORT_BY_ALIGNMENT(.TEXT.*))
 .TEXT.z_platform_init
                0x000077d0        0x4 zephyr/libzephyr.a(soc_nrf_common.S.obj)
                0x000077d0                z_platform_init
 *(SORT_BY_ALIGNMENT(.gnu.linkonce.t.*))
 *(SORT_BY_ALIGNMENT(.glue_7t))
 .glue_7t       0x000077d4        0x0 linker stubs
 *(SORT_BY_ALIGNMENT(.glue_7))
 .glue_7        0x000077d4        0x0 linker stubs
 *(SORT_BY_ALIGNMENT(.vfp11_veneer))
 .vfp11_veneer  0x000077d4        0x0 linker stubs
 *(SORT_BY_ALIGNMENT(.v4_bx))
 .v4_bx         0x000077d4        0x0 linker stubs
                0x000077d4                _image_text_end = .

.ARM.exidx      0x000077d4        0x8
                0x000077d4                __exidx_start = .
 *(SORT_BY_ALIGNMENT(.ARM.exidx*) SORT_BY_ALIGNMENT(gnu.linkonce.armexidx.*))
 .ARM.exidx     0x000077d4        0x8 f:/nrf-sdk/ncs/v1.7.0/toolchain/opt/bin/../lib/gcc/arm-none-eabi/9.2.1/thumb/v7e-m/nofp\libgcc.a(_udivmoddi4.o)
                0x000077dc                __exidx_end = .
                0x000077dc                _image_rodata_start = .

initlevel       0x000077dc       0x50
                0x000077dc                __init_start = .
                0x000077dc                __init_PRE_KERNEL_1_start = .
 *(SORT_BY_NAME(SORT_BY_ALIGNMENT(.z_init_PRE_KERNEL_1[0-9]_*)))
 .z_init_PRE_KERNEL_10_
                0x000077dc        0x8 zephyr/soc/arm/nordic_nrf/nrf52/libsoc__arm__nordic_nrf__nrf52.a(soc.c.obj)
 *(SORT_BY_NAME(SORT_BY_ALIGNMENT(.z_init_PRE_KERNEL_1[1-9][0-9]_*)))
 .z_init_PRE_KERNEL_130_
                0x000077e4        0x8 modules/segger/libmodules__segger.a(SEGGER_RTT_zephyr.c.obj)
 .z_init_PRE_KERNEL_130_
                0x000077ec        0x8 zephyr/kernel/libkernel.a(mem_slab.c.obj)
 .z_init_PRE_KERNEL_150_
                0x000077f4        0x8 zephyr/libzephyr.a(clock_control_nrf.c.obj)
 .z_init_PRE_KERNEL_150_
                0x000077fc        0x8 zephyr/drivers/serial/libdrivers__serial.a(uart_nrfx_uarte.c.obj)
 .z_init_PRE_KERNEL_160_
                0x00007804        0x8 zephyr/libzephyr.a(uart_console.c.obj)
                0x0000780c                __init_PRE_KERNEL_2_start = .
 *(SORT_BY_NAME(SORT_BY_ALIGNMENT(.z_init_PRE_KERNEL_2[0-9]_*)))
 .z_init_PRE_KERNEL_20_
                0x0000780c        0x8 zephyr/libzephyr.a(sys_clock_init.c.obj)
 *(SORT_BY_NAME(SORT_BY_ALIGNMENT(.z_init_PRE_KERNEL_2[1-9][0-9]_*)))
                0x00007814                __init_POST_KERNEL_start = .
 *(SORT_BY_NAME(SORT_BY_ALIGNMENT(.z_init_POST_KERNEL[0-9]_*)))
 .z_init_POST_KERNEL0_
                0x00007814        0x8 zephyr/libzephyr.a(log_core.c.obj)
 *(SORT_BY_NAME(SORT_BY_ALIGNMENT(.z_init_POST_KERNEL[1-9][0-9]_*)))
 .z_init_POST_KERNEL40_
                0x0000781c        0x8 zephyr/drivers/gpio/libdrivers__gpio.a(gpio_nrfx.c.obj)
 .z_init_POST_KERNEL40_
                0x00007824        0x8 zephyr/kernel/libkernel.a(system_work_q.c.obj)
                0x0000782c                __init_APPLICATION_start = .
 *(SORT_BY_NAME(SORT_BY_ALIGNMENT(.z_init_APPLICATION[0-9]_*)))
 *(SORT_BY_NAME(SORT_BY_ALIGNMENT(.z_init_APPLICATION[1-9][0-9]_*)))
                0x0000782c                __init_SMP_start = .
 *(SORT_BY_NAME(SORT_BY_ALIGNMENT(.z_init_SMP[0-9]_*)))
 *(SORT_BY_NAME(SORT_BY_ALIGNMENT(.z_init_SMP[1-9][0-9]_*)))
                0x0000782c                __init_end = .

devices         0x0000782c       0x60
                0x0000782c                __device_start = .
                0x0000782c                __device_PRE_KERNEL_1_start = .
 *(SORT_BY_NAME(SORT_BY_ALIGNMENT(.z_device_PRE_KERNEL_1[0-9]_*)))
 *(SORT_BY_NAME(SORT_BY_ALIGNMENT(.z_device_PRE_KERNEL_1[1-9][0-9]_*)))
 .z_device_PRE_KERNEL_150_
                0x0000782c       0x18 zephyr/libzephyr.a(clock_control_nrf.c.obj)
                0x0000782c                __device_dts_ord_26
 .z_device_PRE_KERNEL_150_
                0x00007844       0x18 zephyr/drivers/serial/libdrivers__serial.a(uart_nrfx_uarte.c.obj)
                0x00007844                __device_dts_ord_49
                0x0000785c                __device_PRE_KERNEL_2_start = .
 *(SORT_BY_NAME(SORT_BY_ALIGNMENT(.z_device_PRE_KERNEL_2[0-9]_*)))
 .z_device_PRE_KERNEL_20_
                0x0000785c       0x18 zephyr/libzephyr.a(sys_clock_init.c.obj)
 *(SORT_BY_NAME(SORT_BY_ALIGNMENT(.z_device_PRE_KERNEL_2[1-9][0-9]_*)))
                0x00007874                __device_POST_KERNEL_start = .
 *(SORT_BY_NAME(SORT_BY_ALIGNMENT(.z_device_POST_KERNEL[0-9]_*)))
 *(SORT_BY_NAME(SORT_BY_ALIGNMENT(.z_device_POST_KERNEL[1-9][0-9]_*)))
 .z_device_POST_KERNEL40_
                0x00007874       0x18 zephyr/drivers/gpio/libdrivers__gpio.a(gpio_nrfx.c.obj)
                0x00007874                __device_dts_ord_10
                0x0000788c                __device_APPLICATION_start = .
 *(SORT_BY_NAME(SORT_BY_ALIGNMENT(.z_device_APPLICATION[0-9]_*)))
 *(SORT_BY_NAME(SORT_BY_ALIGNMENT(.z_device_APPLICATION[1-9][0-9]_*)))
                0x0000788c                __device_SMP_start = .
 *(SORT_BY_NAME(SORT_BY_ALIGNMENT(.z_device_SMP[0-9]_*)))
 *(SORT_BY_NAME(SORT_BY_ALIGNMENT(.z_device_SMP[1-9][0-9]_*)))
                0x0000788c                __device_end = .

sw_isr_table    0x0000788c      0x138
                0x0000788c                . = ALIGN (0x0)
 *(SORT_BY_ALIGNMENT(.gnu.linkonce.sw_isr_table*))
 .gnu.linkonce.sw_isr_table
                0x0000788c      0x138 zephyr/arch/common/libisr_tables.a(isr_tables.c.obj)
                0x0000788c                _sw_isr_table

initlevel_error
                0x000077dc        0x0
 *(SORT_BY_NAME(SORT_BY_ALIGNMENT(.z_init_[_A-Z0-9]*)))
                0x00000001                ASSERT ((SIZEOF (initlevel_error) == 0x0), Undefined initialization levels used.)

app_shmem_regions
                0x000079c4        0x0
                0x000079c4                __app_shmem_regions_start = .
 *(SORT_BY_NAME(SORT_BY_ALIGNMENT(.app_regions.*)))
                0x000079c4                __app_shmem_regions_end = .

bt_l2cap_fixed_chan_area
                0x000079c4        0x0
                0x000079c4                _bt_l2cap_fixed_chan_list_start = .
 *(SORT_BY_NAME(SORT_BY_ALIGNMENT(._bt_l2cap_fixed_chan.static.*)))
                0x000079c4                _bt_l2cap_fixed_chan_list_end = .

bt_gatt_service_static_area
                0x000079c4        0x0
                0x000079c4                _bt_gatt_service_static_list_start = .
 *(SORT_BY_NAME(SORT_BY_ALIGNMENT(._bt_gatt_service_static.static.*)))
                0x000079c4                _bt_gatt_service_static_list_end = .

k_p4wq_initparam_area
                0x000079c4        0x0
                0x000079c4                _k_p4wq_initparam_list_start = .
 *(SORT_BY_NAME(SORT_BY_ALIGNMENT(._k_p4wq_initparam.static.*)))
                0x000079c4                _k_p4wq_initparam_list_end = .

log_strings_sections
                0x000079c4        0x0
                0x000079c4                __log_strings_start = .
 *(SORT_BY_NAME(SORT_BY_ALIGNMENT(.log_strings*)))
                0x000079c4                __log_strings_end = .

log_const_sections
                0x000079c4       0x40
                0x000079c4                __log_const_start = .
 *(SORT_BY_NAME(SORT_BY_ALIGNMENT(.log_const_*)))
 .log_const_clock_control
                0x000079c4        0x8 zephyr/libzephyr.a(clock_control_nrf.c.obj)
                0x000079c4                log_const_clock_control
 .log_const_fatal_error
                0x000079cc        0x8 modules/nrf/lib/fatal_error/lib..__nrf__lib__fatal_error.a(fatal_error.c.obj)
                0x000079cc                log_const_fatal_error
 .log_const_log
                0x000079d4        0x8 zephyr/libzephyr.a(log_core.c.obj)
                0x000079d4                log_const_log
 .log_const_mpu
                0x000079dc        0x8 zephyr/arch/arch/arm/core/aarch32/mpu/libarch__arm__core__aarch32__mpu.a(arm_core_mpu.c.obj)
                0x000079dc                log_const_mpu
 .log_const_os  0x000079e4        0x8 zephyr/kernel/libkernel.a(init.c.obj)
                0x000079e4                log_const_os
 .log_const_power
                0x000079ec        0x8 zephyr/libzephyr.a(power.c.obj)
                0x000079ec                log_const_power
 .log_const_soc
                0x000079f4        0x8 zephyr/soc/arm/nordic_nrf/nrf52/libsoc__arm__nordic_nrf__nrf52.a(soc.c.obj)
                0x000079f4                log_const_soc
 .log_const_uart_nrfx_uarte
                0x000079fc        0x8 zephyr/drivers/serial/libdrivers__serial.a(uart_nrfx_uarte.c.obj)
                0x000079fc                log_const_uart_nrfx_uarte
                0x00007a04                __log_const_end = .

log_backends_sections
                0x00007a04       0x20
                0x00007a04                __log_backends_start = .
 *(SORT_BY_ALIGNMENT(._log_backend.*))
 ._log_backend.static.log_backend_uart
                0x00007a04       0x10 zephyr/libzephyr.a(log_backend_uart.c.obj)
 ._log_backend.static.log_backend_rtt
                0x00007a14       0x10 zephyr/libzephyr.a(log_backend_rtt.c.obj)
                0x00007a24                __log_backends_end = .

shell_area      0x00007a24        0x0
                0x00007a24                _shell_list_start = .
 *(SORT_BY_NAME(SORT_BY_ALIGNMENT(._shell.static.*)))
                0x00007a24                _shell_list_end = .

shell_root_cmds_sections
                0x00007a24        0x0
                0x00007a24                __shell_root_cmds_start = .
 *(SORT_BY_NAME(SORT_BY_ALIGNMENT(.shell_root_cmd_*)))
                0x00007a24                __shell_root_cmds_end = .

font_entry_sections
                0x00007a24        0x0
                0x00007a24                __font_entry_start = .
 *(SORT_BY_NAME(SORT_BY_ALIGNMENT(._cfb_font.*)))
                0x00007a24                __font_entry_end = .

tracing_backend_area
                0x00007a24        0x0
                0x00007a24                _tracing_backend_list_start = .
 *(SORT_BY_NAME(SORT_BY_ALIGNMENT(._tracing_backend.static.*)))
                0x00007a24                _tracing_backend_list_end = .

zephyr_dbg_info
                0x00007a24       0x3c
 *(SORT_BY_ALIGNMENT(.dbg_thread_info))
 .dbg_thread_info
                0x00007a24       0x3c zephyr/libzephyr.a(thread_info.c.obj)
                0x00007a24                _kernel_openocd_size_t_size
                0x00007a24                _kernel_thread_info_size_t_size
                0x00007a28                _kernel_openocd_num_offsets
                0x00007a28                _kernel_thread_info_num_offsets
                0x00007a2c                _kernel_openocd_offsets
                0x00007a2c                _kernel_thread_info_offsets

device_handles  0x00007a60       0x22
                0x00007a60                __device_handles_start = .
 *(SORT_BY_NAME(SORT_BY_ALIGNMENT(.__device_handles_pass1*)))
 .__device_handles_pass1
                0x00007a60        0xa zephyr/libzephyr.a(clock_control_nrf.c.obj)
                0x00007a60                __devicehdl_DT_N_S_soc_S_clock_40000000
 .__device_handles_pass1
                0x00007a6a        0x6 zephyr/libzephyr.a(sys_clock_init.c.obj)
                0x00007a6a                __devicehdl_sys_init_sys_clock_driver_init0
 .__device_handles_pass1
                0x00007a70        0x8 zephyr/drivers/gpio/libdrivers__gpio.a(gpio_nrfx.c.obj)
                0x00007a70                __devicehdl_DT_N_S_soc_S_gpio_50000000
 .__device_handles_pass1
                0x00007a78        0xa zephyr/drivers/serial/libdrivers__serial.a(uart_nrfx_uarte.c.obj)
                0x00007a78                __devicehdl_DT_N_S_soc_S_uart_40002000
                0x00007a82                __device_handles_end = .

rodata          0x00007a90      0x96c
 *(SORT_BY_ALIGNMENT(.rodata))
 .rodata        0x00007a90       0x10 zephyr/drivers/serial/libdrivers__serial.a(uart_nrfx_uarte.c.obj)
 *(SORT_BY_ALIGNMENT(.rodata.*))
 .rodata.delay_machine_code.11755
                0x00007aa0        0x6 zephyr/soc/arm/nordic_nrf/nrf52/libsoc__arm__nordic_nrf__nrf52.a(soc.c.obj)
 *fill*         0x00007aa6        0x2 
 .rodata.button1_pressed.str1.4
                0x00007aa8       0x3e app/libapp.a(main.c.obj)
 *fill*         0x00007ae6        0x2 
 .rodata.button2_pressed.str1.4
                0x00007ae8       0x3e app/libapp.a(main.c.obj)
 *fill*         0x00007b26        0x2 
 .rodata.configure_gpios.str1.4
                0x00007b28        0x7 app/libapp.a(main.c.obj)
 *fill*         0x00007b2f        0x1 
 .rodata.main.str1.4
                0x00007b30       0x25 app/libapp.a(main.c.obj)
 *fill*         0x00007b55        0x3 
 .rodata.cbvprintf.str1.4
                0x00007b58        0x6 zephyr/libzephyr.a(cbprintf_complete.c.obj)
 *fill*         0x00007b5e        0x2 
 .rodata.enable_logger.str1.4
                0x00007b60        0x8 zephyr/libzephyr.a(log_core.c.obj)
 .rodata.z_log_strdup.str1.4
                0x00007b68       0x1a zephyr/libzephyr.a(log_core.c.obj)
 *fill*         0x00007b82        0x2 
 .rodata.detect_missed_strdup.str1.4
                0x00007b84       0x3f zephyr/libzephyr.a(log_core.c.obj)
 *fill*         0x00007bc3        0x1 
 .rodata.str1.4
                0x00007bc4        0x4 zephyr/libzephyr.a(log_core.c.obj)
 .rodata.timestamp_print.str1.4
                0x00007bc8       0x28 zephyr/libzephyr.a(log_output.c.obj)
 .rodata.color_print.str1.4
                0x00007bf0        0xb zephyr/libzephyr.a(log_output.c.obj)
 *fill*         0x00007bfb        0x1 
 .rodata.newline_print.str1.4
                0x00007bfc        0x3 zephyr/libzephyr.a(log_output.c.obj)
                                  0x7 (size before relaxing)
 *fill*         0x00007bff        0x1 
 .rodata.hexdump_line_print.str1.4
                0x00007c00       0x13 zephyr/libzephyr.a(log_output.c.obj)
                                 0x17 (size before relaxing)
 *fill*         0x00007c13        0x1 
 .rodata.ids_print.str1.4
                0x00007c14       0x12 zephyr/libzephyr.a(log_output.c.obj)
 *fill*         0x00007c26        0x2 
 .rodata.raw_string_print.str1.4
                0x00007c28        0x2 zephyr/libzephyr.a(log_output.c.obj)
 *fill*         0x00007c2a        0x2 
 .rodata.log_output_dropped_process.str1.4
                0x00007c2c        0x3 zephyr/libzephyr.a(log_output.c.obj)
 *fill*         0x00007c2f        0x1 
 .rodata.str1.4
                0x00007c30       0x20 zephyr/libzephyr.a(log_output.c.obj)
 .rodata.colors
                0x00007c50       0x14 zephyr/libzephyr.a(log_output.c.obj)
 .rodata.postfix.9813
                0x00007c64       0x1c zephyr/libzephyr.a(log_output.c.obj)
 .rodata.prefix.9812
                0x00007c80        0xc zephyr/libzephyr.a(log_output.c.obj)
 .rodata.severity
                0x00007c8c       0x14 zephyr/libzephyr.a(log_output.c.obj)
 .rodata.log_backend_uart_init.str1.4
                0x00007ca0        0x7 zephyr/libzephyr.a(log_backend_uart.c.obj)
 *fill*         0x00007ca7        0x1 
 .rodata.str1.4
                0x00007ca8       0x11 zephyr/libzephyr.a(log_backend_uart.c.obj)
 *fill*         0x00007cb9        0x3 
 .rodata.log_backend_uart_api
                0x00007cbc       0x1c zephyr/libzephyr.a(log_backend_uart.c.obj)
                0x00007cbc                log_backend_uart_api
 .rodata.log_output_uart
                0x00007cd8       0x10 zephyr/libzephyr.a(log_backend_uart.c.obj)
 .rodata.str1.4
                0x00007ce8       0x10 zephyr/libzephyr.a(log_backend_rtt.c.obj)
 .rodata.log_backend_rtt_api
                0x00007cf8       0x1c zephyr/libzephyr.a(log_backend_rtt.c.obj)
                0x00007cf8                log_backend_rtt_api
 .rodata.log_output_rtt
                0x00007d14       0x10 zephyr/libzephyr.a(log_backend_rtt.c.obj)
 .rodata.str1.4
                0x00007d24        0x6 zephyr/libzephyr.a(power.c.obj)
 .rodata.uart_console_init.str1.4
                0x00007d2a        0x7 zephyr/libzephyr.a(uart_console.c.obj)
 *fill*         0x00007d2a        0x2 
 .rodata.str1.4
                0x00007d2c       0x26 zephyr/libzephyr.a(clock_control_nrf.c.obj)
 *fill*         0x00007d52        0x2 
 .rodata.clock_control_api
                0x00007d54       0x14 zephyr/libzephyr.a(clock_control_nrf.c.obj)
 .rodata.config
                0x00007d68       0x18 zephyr/libzephyr.a(clock_control_nrf.c.obj)
 .rodata.transitions.10863
                0x00007d80        0xc zephyr/libzephyr.a(clock_control_nrf.c.obj)
 .rodata.str1.4
                0x00007d8c        0xa zephyr/libzephyr.a(sys_clock_init.c.obj)
 *fill*         0x00007d96        0x2 
 .rodata.esf_dump.str1.4
                0x00007d98       0x9e zephyr/arch/arch/arm/core/aarch32/libarch__arm__core__aarch32.a(fatal.c.obj)
 *fill*         0x00007e36        0x2 
 .rodata.usage_fault.str1.4
                0x00007e38       0xd7 zephyr/arch/arch/arm/core/aarch32/cortex_m/libarch__arm__core__aarch32__cortex_m.a(fault.c.obj)
 *fill*         0x00007f0f        0x1 
 .rodata.debug_monitor.str1.4
                0x00007f10       0x24 zephyr/arch/arch/arm/core/aarch32/cortex_m/libarch__arm__core__aarch32__cortex_m.a(fault.c.obj)
 .rodata.bus_fault.str1.4
                0x00007f34       0xd7 zephyr/arch/arch/arm/core/aarch32/cortex_m/libarch__arm__core__aarch32__cortex_m.a(fault.c.obj)
 *fill*         0x0000800b        0x1 
 .rodata.mem_manage_fault.str1.4
                0x0000800c       0x9b zephyr/arch/arch/arm/core/aarch32/cortex_m/libarch__arm__core__aarch32__cortex_m.a(fault.c.obj)
 *fill*         0x000080a7        0x1 
 .rodata.hard_fault.str1.4
                0x000080a8       0x5b zephyr/arch/arch/arm/core/aarch32/cortex_m/libarch__arm__core__aarch32__cortex_m.a(fault.c.obj)
 *fill*         0x00008103        0x1 
 .rodata.reserved_exception.str1.4
                0x00008104       0x47 zephyr/arch/arch/arm/core/aarch32/cortex_m/libarch__arm__core__aarch32__cortex_m.a(fault.c.obj)
 *fill*         0x0000814b        0x1 
 .rodata.z_arm_fault.str1.4
                0x0000814c       0x2b zephyr/arch/arch/arm/core/aarch32/cortex_m/libarch__arm__core__aarch32__cortex_m.a(fault.c.obj)
 *fill*         0x00008177        0x1 
 .rodata.str1.4
                0x00008178        0x4 zephyr/arch/arch/arm/core/aarch32/mpu/libarch__arm__core__aarch32__mpu.a(arm_core_mpu.c.obj)
 .rodata.static_regions
                0x0000817c        0xc zephyr/arch/arch/arm/core/aarch32/mpu/libarch__arm__core__aarch32__mpu.a(arm_core_mpu.c.obj)
 .rodata.region_allocate_and_init.str1.4
                0x00008188       0x26 zephyr/arch/arch/arm/core/aarch32/mpu/libarch__arm__core__aarch32__mpu.a(arm_mpu.c.obj)
 *fill*         0x000081ae        0x2 
 .rodata.mpu_configure_regions.str1.4
                0x000081b0       0x23 zephyr/arch/arch/arm/core/aarch32/mpu/libarch__arm__core__aarch32__mpu.a(arm_mpu.c.obj)
 *fill*         0x000081d3        0x1 
 .rodata.str1.4
                0x000081d4        0xf zephyr/soc/arm/common/cortex_m/libsoc__arm__common__cortex_m.a(arm_mpu_regions.c.obj)
 *fill*         0x000081e3        0x1 
 .rodata.mpu_config
                0x000081e4        0x8 zephyr/soc/arm/common/cortex_m/libsoc__arm__common__cortex_m.a(arm_mpu_regions.c.obj)
                0x000081e4                mpu_config
 .rodata.mpu_regions
                0x000081ec       0x18 zephyr/soc/arm/common/cortex_m/libsoc__arm__common__cortex_m.a(arm_mpu_regions.c.obj)
 .rodata.str1.4
                0x00008204        0x4 zephyr/soc/arm/nordic_nrf/nrf52/libsoc__arm__nordic_nrf__nrf52.a(soc.c.obj)
 .rodata.str1.4
                0x00008208        0x7 zephyr/drivers/gpio/libdrivers__gpio.a(gpio_nrfx.c.obj)
 .rodata.gpio_nrfx_drv_api_funcs
                0x00008208       0x24 zephyr/drivers/gpio/libdrivers__gpio.a(gpio_nrfx.c.obj)
 .rodata.gpio_nrfx_p0_cfg
                0x0000822c        0xc zephyr/drivers/gpio/libdrivers__gpio.a(gpio_nrfx.c.obj)
 .rodata.endtx_stoptx_ppi_init.str1.4
                0x00008238       0x1f zephyr/drivers/serial/libdrivers__serial.a(uart_nrfx_uarte.c.obj)
 *fill*         0x00008257        0x1 
 .rodata.str1.4
                0x00008258       0x10 zephyr/drivers/serial/libdrivers__serial.a(uart_nrfx_uarte.c.obj)
                                 0x18 (size before relaxing)
 .rodata.uart_nrfx_uarte_driver_api
                0x00008268       0x14 zephyr/drivers/serial/libdrivers__serial.a(uart_nrfx_uarte.c.obj)
 .rodata.uarte_0z_config
                0x0000827c        0x8 zephyr/drivers/serial/libdrivers__serial.a(uart_nrfx_uarte.c.obj)
 .rodata.k_sys_fatal_error_handler.str1.4
                0x00008284       0x11 modules/nrf/lib/fatal_error/lib..__nrf__lib__fatal_error.a(fatal_error.c.obj)
 *fill*         0x00008295        0x3 
 .rodata.str1.4
                0x00008298        0xc modules/nrf/lib/fatal_error/lib..__nrf__lib__fatal_error.a(fatal_error.c.obj)
 .rodata._DoInit.str1.4
                0x000082a4       0x17 modules/segger/libmodules__segger.a(SEGGER_RTT.c.obj)
 *fill*         0x000082bb        0x1 
 .rodata.levels.9004
                0x000082bc       0x14 zephyr/kernel/libkernel.a(device.c.obj)
 .rodata._k_neg_eagain
                0x000082d0        0x4 zephyr/kernel/libkernel.a(errno.c.obj)
                0x000082d0                _k_neg_eagain
 .rodata.reason_to_str.str1.4
                0x000082d4       0x5e zephyr/kernel/libkernel.a(fatal.c.obj)
 *fill*         0x00008332        0x2 
 .rodata.thread_name_get.str1.4
                0x00008334        0x8 zephyr/kernel/libkernel.a(fatal.c.obj)
 .rodata.z_fatal_error.str1.4
                0x0000833c       0x64 zephyr/kernel/libkernel.a(fatal.c.obj)
 .rodata.init_idle_thread.str1.4
                0x000083a0        0xa zephyr/kernel/libkernel.a(init.c.obj)
 *fill*         0x000083aa        0x2 
 .rodata.prepare_multithreading.str1.4
                0x000083ac        0x5 zephyr/kernel/libkernel.a(init.c.obj)
 *fill*         0x000083b1        0x3 
 .rodata.str1.4
                0x000083b4        0x3 zephyr/kernel/libkernel.a(init.c.obj)
 *fill*         0x000083b7        0x1 
 .rodata.boot_banner.str1.4
                0x000083b8       0x37 zephyr/kernel/libkernel.a(banner.c.obj)
                                 0x3b (size before relaxing)
 *fill*         0x000083ef        0x1 
 .rodata.k_sys_work_q_init.str1.4
                0x000083f0        0x9 zephyr/kernel/libkernel.a(system_work_q.c.obj)
 *(SORT_BY_ALIGNMENT(.gnu.linkonce.r.*))
                0x000083fc                . = ALIGN (0x4)
 *fill*         0x000083f9        0x3 
                0x000083fc                _image_rodata_end = .
                0x00008400                . = ALIGN (_region_min_align)
                0x00010000                . = ALIGN ((0x1 << LOG2CEIL ((_image_rodata_end - _image_rom_start))))
                0x00010000                _image_rom_end = .
                0x20000000                . = 0x20000000
                0x20000000                . = ALIGN (_region_min_align)
                0x20000000                _image_ram_start = .

.ramfunc        0x20000000        0x0 load address 0x000083fc
                0x20000000                . = ALIGN (_region_min_align)
                0x20000000                . = ALIGN ((0x1 << LOG2CEIL (_ramfunc_ram_size)))
                0x20000000                _ramfunc_ram_start = .
 *(SORT_BY_ALIGNMENT(.ramfunc))
 *(SORT_BY_ALIGNMENT(.ramfunc.*))
                0x20000000                . = ALIGN (_region_min_align)
                0x20000000                . = ALIGN ((0x1 << LOG2CEIL (_ramfunc_ram_size)))
                0x20000000                _ramfunc_ram_end = .
                0x00000000                _ramfunc_ram_size = (_ramfunc_ram_end - _ramfunc_ram_start)
                0x000083fc                _ramfunc_rom_start = LOADADDR (.ramfunc)

datas           0x20000000       0x30 load address 0x000083fc
                0x20000000                __data_ram_start = .
 *(SORT_BY_ALIGNMENT(.data))
 *(SORT_BY_ALIGNMENT(.data.*))
 .data._char_out
                0x20000000        0x4 zephyr/libzephyr.a(printk.c.obj)
                0x20000000                _char_out
 .data.timestamp_func
                0x20000004        0x4 zephyr/libzephyr.a(log_core.c.obj)
 .data.post_ops_done
                0x20000008        0x4 zephyr/libzephyr.a(power.c.obj)
 .data._stdout_hook
                0x2000000c        0x4 zephyr/lib/libc/minimal/liblib__libc__minimal.a(stdout_console.c.obj)
 .data.uarte_0_data
                0x20000010       0x14 zephyr/drivers/serial/libdrivers__serial.a(uart_nrfx_uarte.c.obj)
 .data.SystemCoreClock
                0x20000024        0x4 modules/hal_nordic/nrfx/libmodules__hal_nordic__nrfx.a(system_nrf52.c.obj)
                0x20000024                SystemCoreClock
 .data.timeout_list
                0x20000028        0x8 zephyr/kernel/libkernel.a(timeout.c.obj)
 *(SORT_BY_ALIGNMENT(.kernel.*))
                0x000083fc                __data_rom_start = LOADADDR (datas)

initshell       0x20000030        0x0 load address 0x0000842c
                0x20000030                __shell_module_start = .
 *(SORT_BY_ALIGNMENT(.shell_module_*))
                0x20000030                __shell_module_end = .
                0x20000030                __shell_cmd_start = .
 *(SORT_BY_ALIGNMENT(.shell_cmd_*))
                0x20000030                __shell_cmd_end = .

log_dynamic_sections
                0x20000030        0x0 load address 0x0000842c
                0x20000030                __log_dynamic_start = .
 *(SORT_BY_NAME(SORT_BY_ALIGNMENT(.log_dynamic_*)))
                0x20000030                __log_dynamic_end = .

_static_thread_data_area
                0x20000030        0x0 load address 0x0000842c
                0x20000030                __static_thread_data_list_start = .
 *(SORT_BY_NAME(SORT_BY_ALIGNMENT(.__static_thread_data.static.*)))
                0x20000030                __static_thread_data_list_end = .

k_timer_area    0x20000030        0x0 load address 0x0000842c
                0x20000030                _k_timer_list_start = .
 *(SORT_BY_NAME(SORT_BY_ALIGNMENT(._k_timer.static.*)))
                0x20000030                _k_timer_list_end = .

k_mem_slab_area
                0x20000030        0x0 load address 0x0000842c
                0x20000030                _k_mem_slab_list_start = .
 *(SORT_BY_NAME(SORT_BY_ALIGNMENT(._k_mem_slab.static.*)))
                0x20000030                _k_mem_slab_list_end = .

k_mem_pool_area
                0x20000030        0x0 load address 0x0000842c
                0x20000030                _k_mem_pool_list_start = .
 *(SORT_BY_NAME(SORT_BY_ALIGNMENT(._k_mem_pool.static.*)))
                0x20000030                _k_mem_pool_list_end = .

k_heap_area     0x20000030        0x0 load address 0x0000842c
                0x20000030                _k_heap_list_start = .
 *(SORT_BY_NAME(SORT_BY_ALIGNMENT(._k_heap.static.*)))
                0x20000030                _k_heap_list_end = .

k_mutex_area    0x20000030       0x14 load address 0x0000842c
                0x20000030                _k_mutex_list_start = .
 *(SORT_BY_NAME(SORT_BY_ALIGNMENT(._k_mutex.static.*)))
 ._k_mutex.static.rtt_term_mutex
                0x20000030       0x14 modules/segger/libmodules__segger.a(SEGGER_RTT_zephyr.c.obj)
                0x20000030                rtt_term_mutex
                0x20000044                _k_mutex_list_end = .

k_stack_area    0x20000044        0x0 load address 0x00008440
                0x20000044                _k_stack_list_start = .
 *(SORT_BY_NAME(SORT_BY_ALIGNMENT(._k_stack.static.*)))
                0x20000044                _k_stack_list_end = .

k_msgq_area     0x20000044        0x0 load address 0x00008440
                0x20000044                _k_msgq_list_start = .
 *(SORT_BY_NAME(SORT_BY_ALIGNMENT(._k_msgq.static.*)))
                0x20000044                _k_msgq_list_end = .

k_mbox_area     0x20000044        0x0 load address 0x00008440
                0x20000044                _k_mbox_list_start = .
 *(SORT_BY_NAME(SORT_BY_ALIGNMENT(._k_mbox.static.*)))
                0x20000044                _k_mbox_list_end = .

k_pipe_area     0x20000044        0x0 load address 0x00008440
                0x20000044                _k_pipe_list_start = .
 *(SORT_BY_NAME(SORT_BY_ALIGNMENT(._k_pipe.static.*)))
                0x20000044                _k_pipe_list_end = .

k_sem_area      0x20000044       0x10 load address 0x00008440
                0x20000044                _k_sem_list_start = .
 *(SORT_BY_NAME(SORT_BY_ALIGNMENT(._k_sem.static.*)))
 ._k_sem.static.log_process_thread_sem
                0x20000044       0x10 zephyr/libzephyr.a(log_core.c.obj)
                0x20000044                log_process_thread_sem
                0x20000054                _k_sem_list_end = .

k_queue_area    0x20000054        0x0 load address 0x00008450
                0x20000054                _k_queue_list_start = .
 *(SORT_BY_NAME(SORT_BY_ALIGNMENT(._k_queue.static.*)))
                0x20000054                _k_queue_list_end = .

k_condvar_area  0x20000054        0x0 load address 0x00008450
                0x20000054                _k_condvar_list_start = .
 *(SORT_BY_NAME(SORT_BY_ALIGNMENT(._k_condvar.static.*)))
                0x20000054                _k_condvar_list_end = .

_net_buf_pool_area
                0x20000054        0x0 load address 0x00008450
                0x20000054                _net_buf_pool_list = .
 *(SORT_BY_NAME(SORT_BY_ALIGNMENT(._net_buf_pool.static.*)))
                0x20000054                __data_ram_end = .

bss             0x20000058      0xa21
                0x20000058                . = ALIGN (0x4)
                0x20000058                __bss_start = .
                0x20000058                __kernel_ram_start = .
 *(SORT_BY_ALIGNMENT(.bss))
 *(SORT_BY_ALIGNMENT(.bss.*))
 .bss.log_process_thread_timer
                0x20000058       0x38 zephyr/libzephyr.a(log_core.c.obj)
 .bss.logging_thread
                0x20000090       0xb0 zephyr/libzephyr.a(log_core.c.obj)
                0x20000090                logging_thread
 .bss.z_idle_threads
                0x20000140       0xb0 zephyr/kernel/libkernel.a(init.c.obj)
                0x20000140                z_idle_threads
 .bss.z_main_thread
                0x200001f0       0xb0 zephyr/kernel/libkernel.a(init.c.obj)
                0x200001f0                z_main_thread
 .bss.curr_tick
                0x200002a0        0x8 zephyr/kernel/libkernel.a(timeout.c.obj)
 .bss.k_sys_work_q
                0x200002a8       0xd0 zephyr/kernel/libkernel.a(system_work_q.c.obj)
                0x200002a8                k_sys_work_q
 .bss.button1_cb_data
                0x20000378        0xc app/libapp.a(main.c.obj)
 .bss.button1_work
                0x20000384       0x10 app/libapp.a(main.c.obj)
 .bss.button2_cb_data
                0x20000394        0xc app/libapp.a(main.c.obj)
 .bss.button2_work
                0x200003a0       0x10 app/libapp.a(main.c.obj)
 .bss.my_gpio_port
                0x200003b0        0x4 app/libapp.a(main.c.obj)
                0x200003b0                my_gpio_port
 .bss.buffered_cnt
                0x200003b4        0x4 zephyr/libzephyr.a(log_core.c.obj)
 .bss.dropped_cnt
                0x200003b8        0x4 zephyr/libzephyr.a(log_core.c.obj)
 .bss.initialized
                0x200003bc        0x4 zephyr/libzephyr.a(log_core.c.obj)
 .bss.list      0x200003c0        0x8 zephyr/libzephyr.a(log_core.c.obj)
 .bss.log_strdup_pool
                0x200003c8       0x1c zephyr/libzephyr.a(log_core.c.obj)
                0x200003c8                log_strdup_pool
 .bss.proc_tid  0x200003e4        0x4 zephyr/libzephyr.a(log_core.c.obj)
 .bss.log_msg_pool
                0x200003e8       0x1c zephyr/libzephyr.a(log_msg.c.obj)
                0x200003e8                log_msg_pool
 .bss.freq      0x20000404        0x4 zephyr/libzephyr.a(log_output.c.obj)
 .bss.timestamp_div
                0x20000408        0x4 zephyr/libzephyr.a(log_output.c.obj)
 .bss.backend_cb_log_backend_uart
                0x2000040c        0x8 zephyr/libzephyr.a(log_backend_uart.c.obj)
 .bss.log_output_uart_control_block
                0x20000414        0xc zephyr/libzephyr.a(log_backend_uart.c.obj)
 .bss.uart_dev  0x20000420        0x4 zephyr/libzephyr.a(log_backend_uart.c.obj)
 .bss.backend_cb_log_backend_rtt
                0x20000424        0x8 zephyr/libzephyr.a(log_backend_rtt.c.obj)
 .bss.char_buf  0x2000042c       0x10 zephyr/libzephyr.a(log_backend_rtt.c.obj)
 .bss.log_output_rtt_control_block
                0x2000043c        0xc zephyr/libzephyr.a(log_backend_rtt.c.obj)
 .bss.pm_notifiers
                0x20000448        0x8 zephyr/libzephyr.a(power.c.obj)
 .bss.z_power_state
                0x20000450        0xc zephyr/libzephyr.a(power.c.obj)
 .bss.uart_console_dev
                0x2000045c        0x4 zephyr/libzephyr.a(uart_console.c.obj)
 .bss.__devstate_dts_ord_26
                0x20000460        0x4 zephyr/libzephyr.a(clock_control_nrf.c.obj)
 .bss.cli.10837
                0x20000464       0x10 zephyr/libzephyr.a(clock_control_nrf.c.obj)
 .bss.data      0x20000474       0x50 zephyr/libzephyr.a(clock_control_nrf.c.obj)
 .bss.hfclk_users
                0x200004c4        0x4 zephyr/libzephyr.a(clock_control_nrf.c.obj)
 .bss.on.10836  0x200004c8        0x4 zephyr/libzephyr.a(clock_control_nrf.c.obj)
 .bss.__devstate_sys_init_sys_clock_driver_init0
                0x200004cc        0x4 zephyr/libzephyr.a(sys_clock_init.c.obj)
 .bss.cc_data   0x200004d0        0x8 zephyr/libzephyr.a(nrf_rtc_timer.c.obj)
 .bss.int_mask  0x200004d8        0x4 zephyr/libzephyr.a(nrf_rtc_timer.c.obj)
 .bss.last_count
                0x200004dc        0x4 zephyr/libzephyr.a(nrf_rtc_timer.c.obj)
 .bss.dynamic_regions.9595
                0x200004e0        0xc zephyr/arch/arch/arm/core/aarch32/mpu/libarch__arm__core__aarch32__mpu.a(arm_core_mpu.c.obj)
 .bss.__devstate_dts_ord_10
                0x200004ec        0x4 zephyr/drivers/gpio/libdrivers__gpio.a(gpio_nrfx.c.obj)
 .bss.gpio_nrfx_p0_data
                0x200004f0       0x1c zephyr/drivers/gpio/libdrivers__gpio.a(gpio_nrfx.c.obj)
 .bss.__devstate_dts_ord_49